Archive member included to satisfy reference by file (symbol)

D:\work\projects\eclipse_projects\stm32l476g-disco_hal_lib\Debug\libstm32l476g-disco_hal_lib.a(stm32l4xx_hal.o)
                              src/stm32l4xx_it.o (HAL_IncTick)
D:\work\projects\eclipse_projects\stm32l476g-disco_hal_lib\Debug\libstm32l476g-disco_hal_lib.a(stm32l4xx_hal_cortex.o)
                              D:\work\projects\eclipse_projects\stm32l476g-disco_hal_lib\Debug\libstm32l476g-disco_hal_lib.a(stm32l4xx_hal.o) (HAL_NVIC_SetPriorityGrouping)
D:\work\projects\eclipse_projects\stm32l476g-disco_hal_lib\Debug\libstm32l476g-disco_hal_lib.a(stm32l4xx_hal_gpio.o)
                              src/stm32l4xx_it.o (HAL_GPIO_EXTI_IRQHandler)
D:\work\projects\eclipse_projects\stm32l476g-disco_hal_lib\Debug\libstm32l476g-disco_hal_lib.a(stm32l4xx_hal_rcc.o)
                              src/main.o (HAL_RCC_GetHCLKFreq)
D:\work\projects\eclipse_projects\stm32l476g-disco_hal_lib\Debug\libstm32l476g-disco_hal_lib.a(stm32l476g_discovery.o)
                              src/main.o (BSP_LED_Init)
D:\work\projects\eclipse_projects\stm32l476g-disco_hal_lib\Debug\libstm32l476g-disco_hal_lib.a(stm32l476g_discovery_glass_lcd.o)
                              src/main.o (BSP_LCD_GLASS_Init)
D:\work\projects\eclipse_projects\stm32l476g-disco_hal_lib\Debug\libstm32l476g-disco_hal_lib.a(stm32l4xx_hal_i2c.o)
                              D:\work\projects\eclipse_projects\stm32l476g-disco_hal_lib\Debug\libstm32l476g-disco_hal_lib.a(stm32l476g_discovery.o) (HAL_I2C_Init)
D:\work\projects\eclipse_projects\stm32l476g-disco_hal_lib\Debug\libstm32l476g-disco_hal_lib.a(stm32l4xx_hal_lcd.o)
                              D:\work\projects\eclipse_projects\stm32l476g-disco_hal_lib\Debug\libstm32l476g-disco_hal_lib.a(stm32l476g_discovery_glass_lcd.o) (HAL_LCD_Init)
D:\work\projects\eclipse_projects\stm32l476g-disco_hal_lib\Debug\libstm32l476g-disco_hal_lib.a(stm32l4xx_hal_pwr_ex.o)
                              D:\work\projects\eclipse_projects\stm32l476g-disco_hal_lib\Debug\libstm32l476g-disco_hal_lib.a(stm32l4xx_hal_rcc.o) (HAL_PWREx_GetVoltageRange)
D:\work\projects\eclipse_projects\stm32l476g-disco_hal_lib\Debug\libstm32l476g-disco_hal_lib.a(stm32l4xx_hal_rcc_ex.o)
                              D:\work\projects\eclipse_projects\stm32l476g-disco_hal_lib\Debug\libstm32l476g-disco_hal_lib.a(stm32l476g_discovery.o) (HAL_RCCEx_PeriphCLKConfig)
D:\work\projects\eclipse_projects\stm32l476g-disco_hal_lib\Debug\libstm32l476g-disco_hal_lib.a(stm32l4xx_hal_spi.o)
                              D:\work\projects\eclipse_projects\stm32l476g-disco_hal_lib\Debug\libstm32l476g-disco_hal_lib.a(stm32l476g_discovery.o) (HAL_SPI_Init)
D:\work\projects\eclipse_projects\stm32l476g-disco_hal_lib\Debug\libstm32l476g-disco_hal_lib.a(stm32l4xx_hal_dma.o)
                              D:\work\projects\eclipse_projects\stm32l476g-disco_hal_lib\Debug\libstm32l476g-disco_hal_lib.a(stm32l4xx_hal_i2c.o) (HAL_DMA_Start_IT)
D:\work\projects\eclipse_projects\stm32l476g-disco_hal_lib\Debug\libstm32l476g-disco_hal_lib.a(stm32l4xx_hal_pwr.o)
                              D:\work\projects\eclipse_projects\stm32l476g-disco_hal_lib\Debug\libstm32l476g-disco_hal_lib.a(stm32l4xx_hal_rcc_ex.o) (HAL_PWR_EnableBkUpAccess)
c:/program files/eclipse/plugins/fr.ac6.mcu.externaltools.arm-none.win32_1.12.0.201611241417/tools/compiler/bin/../lib/gcc/arm-none-eabi/5.4.1/../../../../arm-none-eabi/lib/armv7e-m/fpu\libc.a(lib_a-errno.o)
                              src/syscalls.o (__errno)
c:/program files/eclipse/plugins/fr.ac6.mcu.externaltools.arm-none.win32_1.12.0.201611241417/tools/compiler/bin/../lib/gcc/arm-none-eabi/5.4.1/../../../../arm-none-eabi/lib/armv7e-m/fpu\libc.a(lib_a-exit.o)
                              c:/program files/eclipse/plugins/fr.ac6.mcu.externaltools.arm-none.win32_1.12.0.201611241417/tools/compiler/bin/../lib/gcc/arm-none-eabi/5.4.1/../../../../arm-none-eabi/lib/armv7e-m/fpu/crt0.o (exit)
c:/program files/eclipse/plugins/fr.ac6.mcu.externaltools.arm-none.win32_1.12.0.201611241417/tools/compiler/bin/../lib/gcc/arm-none-eabi/5.4.1/../../../../arm-none-eabi/lib/armv7e-m/fpu\libc.a(lib_a-impure.o)
                              c:/program files/eclipse/plugins/fr.ac6.mcu.externaltools.arm-none.win32_1.12.0.201611241417/tools/compiler/bin/../lib/gcc/arm-none-eabi/5.4.1/../../../../arm-none-eabi/lib/armv7e-m/fpu\libc.a(lib_a-exit.o) (_global_impure_ptr)
c:/program files/eclipse/plugins/fr.ac6.mcu.externaltools.arm-none.win32_1.12.0.201611241417/tools/compiler/bin/../lib/gcc/arm-none-eabi/5.4.1/../../../../arm-none-eabi/lib/armv7e-m/fpu\libc.a(lib_a-init.o)
                              c:/program files/eclipse/plugins/fr.ac6.mcu.externaltools.arm-none.win32_1.12.0.201611241417/tools/compiler/bin/../lib/gcc/arm-none-eabi/5.4.1/../../../../arm-none-eabi/lib/armv7e-m/fpu/crt0.o (__libc_init_array)
[...]
Memory Configuration

Name             Origin             Length             Attributes
FLASH            0x08000000         0x00100000         xr
RAM              0x20000000         0x00018000         xrw
*default*        0x00000000         0xffffffff

Linker script and memory map

LOAD c:/program files/eclipse/plugins/fr.ac6.mcu.externaltools.arm-none.win32_1.12.0.201611241417/tools/compiler/bin/../lib/gcc/arm-none-eabi/5.4.1/armv7e-m/fpu/crti.o
LOAD c:/program files/eclipse/plugins/fr.ac6.mcu.externaltools.arm-none.win32_1.12.0.201611241417/tools/compiler/bin/../lib/gcc/arm-none-eabi/5.4.1/armv7e-m/fpu/crtbegin.o
LOAD c:/program files/eclipse/plugins/fr.ac6.mcu.externaltools.arm-none.win32_1.12.0.201611241417/tools/compiler/bin/../lib/gcc/arm-none-eabi/5.4.1/../../../../arm-none-eabi/lib/armv7e-m/fpu/crt0.o
LOAD c:/program files/eclipse/plugins/fr.ac6.mcu.externaltools.arm-none.win32_1.12.0.201611241417/tools/compiler/bin/../lib/gcc/arm-none-eabi/5.4.1/../../../../arm-none-eabi/lib/armv7e-m/fpu\libm.a
LOAD src/joystick.o
LOAD src/main.o
LOAD src/stm32l4xx_it.o
LOAD src/syscalls.o
LOAD src/system_stm32l4xx.o
LOAD src/temp_function.o
LOAD startup/startup_stm32l476xx.o
LOAD D:\work\projects\eclipse_projects\stm32l476g-disco_hal_lib\Debug\libstm32l476g-disco_hal_lib.a
START GROUP
LOAD c:/program files/eclipse/plugins/fr.ac6.mcu.externaltools.arm-none.win32_1.12.0.201611241417/tools/compiler/bin/../lib/gcc/arm-none-eabi/5.4.1/armv7e-m/fpu\libgcc.a
LOAD c:/program files/eclipse/plugins/fr.ac6.mcu.externaltools.arm-none.win32_1.12.0.201611241417/tools/compiler/bin/../lib/gcc/arm-none-eabi/5.4.1/../../../../arm-none-eabi/lib/armv7e-m/fpu\libc.a
END GROUP
LOAD c:/program files/eclipse/plugins/fr.ac6.mcu.externaltools.arm-none.win32_1.12.0.201611241417/tools/compiler/bin/../lib/gcc/arm-none-eabi/5.4.1/armv7e-m/fpu/crtend.o
LOAD c:/program files/eclipse/plugins/fr.ac6.mcu.externaltools.arm-none.win32_1.12.0.201611241417/tools/compiler/bin/../lib/gcc/arm-none-eabi/5.4.1/armv7e-m/fpu/crtn.o
                0x20018000                _estack = 0x20018000
                0x00000200                _Min_Heap_Size = 0x200
                0x00000400                _Min_Stack_Size = 0x400

.isr_vector     0x08000000      0x188
                0x08000000                . = ALIGN (0x8)
 *(.isr_vector)
 .isr_vector    0x08000000      0x188 startup/startup_stm32l476xx.o
                0x08000000                g_pfnVectors
                0x08000188                . = ALIGN (0x8)

.text           0x080001c0     0x7c00
                0x080001c0                . = ALIGN (0x8)
 *(.text)
 .text          0x080001c0       0x5c c:/program files/eclipse/plugins/fr.ac6.mcu.externaltools.arm-none.win32_1.12.0.201611241417/tools/compiler/bin/../lib/gcc/arm-none-eabi/5.4.1/armv7e-m/fpu/crtbegin.o
 *fill*         0x0800021c        0x4 
 .text          0x08000220       0xa0 c:/program files/eclipse/plugins/fr.ac6.mcu.externaltools.arm-none.win32_1.12.0.201611241417/tools/compiler/bin/../lib/gcc/arm-none-eabi/5.4.1/../../../../arm-none-eabi/lib/armv7e-m/fpu\libc.a(lib_a-memchr.o)
                0x08000220                memchr
 .text          0x080002c0      0x134 c:/program files/eclipse/plugins/fr.ac6.mcu.externaltools.arm-none.win32_1.12.0.201611241417/tools/compiler/bin/../lib/gcc/arm-none-eabi/5.4.1/../../../../arm-none-eabi/lib/armv7e-m/fpu\libc.a(lib_a-memcpy.o)
                0x080002c0                memcpy
 *fill*         0x080003f4        0xc 
 .text          0x08000400       0xdc c:/program files/eclipse/plugins/fr.ac6.mcu.externaltools.arm-none.win32_1.12.0.201611241417/tools/compiler/bin/../lib/gcc/arm-none-eabi/5.4.1/../../../../arm-none-eabi/lib/armv7e-m/fpu\libc.a(lib_a-strlen.o)
                0x08000400                strlen
 .text          0x080004dc      0x370 c:/program files/eclipse/plugins/fr.ac6.mcu.externaltools.arm-none.win32_1.12.0.201611241417/tools/compiler/bin/../lib/gcc/arm-none-eabi/5.4.1/armv7e-m/fpu\libgcc.a(_arm_addsubdf3.o)
                0x080004dc                __aeabi_drsub
                0x080004e4                __aeabi_dsub
                0x080004e4                __subdf3
                0x080004e8                __aeabi_dadd
                0x080004e8                __adddf3
                0x08000760                __floatunsidf
                0x08000760                __aeabi_ui2d
                0x08000780                __floatsidf
                0x08000780                __aeabi_i2d
                0x080007a4                __aeabi_f2d
                0x080007a4                __extendsfdf2
                0x080007e0                __floatundidf
                0x080007e0                __aeabi_ul2d
                0x080007f0                __floatdidf
                0x080007f0                __aeabi_l2d
 .text          0x0800084c      0x424 c:/program files/eclipse/plugins/fr.ac6.mcu.externaltools.arm-none.win32_1.12.0.201611241417/tools/compiler/bin/../lib/gcc/arm-none-eabi/5.4.1/armv7e-m/fpu\libgcc.a(_arm_muldivdf3.o)
                0x0800084c                __aeabi_dmul
                0x0800084c                __muldf3
                0x08000aa0                __divdf3
                0x08000aa0                __aeabi_ddiv
 .text          0x08000c70      0x110 c:/program files/eclipse/plugins/fr.ac6.mcu.externaltools.arm-none.win32_1.12.0.201611241417/tools/compiler/bin/../lib/gcc/arm-none-eabi/5.4.1/armv7e-m/fpu\libgcc.a(_arm_cmpdf2.o)
                0x08000c70                __gtdf2
                0x08000c70                __gedf2
                0x08000c78                __ltdf2
                0x08000c78                __ledf2
                0x08000c80                __nedf2
                0x08000c80                __eqdf2
                0x08000c80                __cmpdf2
                0x08000cfc                __aeabi_cdrcmple
                0x08000d0c                __aeabi_cdcmpeq
                0x08000d0c                __aeabi_cdcmple
                0x08000d1c                __aeabi_dcmpeq
                0x08000d30                __aeabi_dcmplt
                0x08000d44                __aeabi_dcmple
                0x08000d58                __aeabi_dcmpge
                0x08000d6c                __aeabi_dcmpgt
 .text          0x08000d80       0x2c c:/program files/eclipse/plugins/fr.ac6.mcu.externaltools.arm-none.win32_1.12.0.201611241417/tools/compiler/bin/../lib/gcc/arm-none-eabi/5.4.1/armv7e-m/fpu\libgcc.a(_arm_unorddf2.o)
                0x08000d80                __unorddf2
                0x08000d80                __aeabi_dcmpun
 .text          0x08000dac       0x50 c:/program files/eclipse/plugins/fr.ac6.mcu.externaltools.arm-none.win32_1.12.0.201611241417/tools/compiler/bin/../lib/gcc/arm-none-eabi/5.4.1/armv7e-m/fpu\libgcc.a(_arm_fixdfsi.o)
                0x08000dac                __aeabi_d2iz
                0x08000dac                __fixdfsi
 .text          0x08000dfc       0x30 c:/program files/eclipse/plugins/fr.ac6.mcu.externaltools.arm-none.win32_1.12.0.201611241417/tools/compiler/bin/../lib/gcc/arm-none-eabi/5.4.1/armv7e-m/fpu\libgcc.a(_aeabi_uldivmod.o)
                0x08000dfc                __aeabi_uldivmod
 .text          0x08000e2c      0x2e4 c:/program files/eclipse/plugins/fr.ac6.mcu.externaltools.arm-none.win32_1.12.0.201611241417/tools/compiler/bin/../lib/gcc/arm-none-eabi/5.4.1/armv7e-m/fpu\libgcc.a(_udivmoddi4.o)
                0x08000e2c                __udivmoddi4
 .text          0x08001110        0x4 c:/program files/eclipse/plugins/fr.ac6.mcu.externaltools.arm-none.win32_1.12.0.201611241417/tools/compiler/bin/../lib/gcc/arm-none-eabi/5.4.1/armv7e-m/fpu\libgcc.a(_dvmd_tls.o)
                0x08001110                __aeabi_idiv0
                0x08001110                __aeabi_ldiv0
 *(.text*)
 .text.HAL_GPIO_EXTI_Callback
                0x08001114       0x78 src/joystick.o
                0x08001114                HAL_GPIO_EXTI_Callback
 .text.NVIC_SetPriority
                0x0800118c       0x54 src/main.o
 .text.SysTick_Config
                0x080011e0       0x44 src/main.o
 .text.startup_init
                0x08001224       0x38 src/main.o
                0x08001224                startup_init
 .text.main     0x0800125c       0x30 src/main.o
                0x0800125c                main
 .text.SysTick_Handler
                0x0800128c       0x10 src/stm32l4xx_it.o
                0x0800128c                SysTick_Handler
 .text.EXTI0_IRQHandler
                0x0800129c       0x10 src/stm32l4xx_it.o
                0x0800129c                EXTI0_IRQHandler
 .text.EXTI1_IRQHandler
                0x080012ac       0x10 src/stm32l4xx_it.o
                0x080012ac                EXTI1_IRQHandler
 .text.EXTI2_IRQHandler
                0x080012bc       0x10 src/stm32l4xx_it.o
                0x080012bc                EXTI2_IRQHandler
 .text.EXTI3_IRQHandler
                0x080012cc       0x10 src/stm32l4xx_it.o
                0x080012cc                EXTI3_IRQHandler
 .text.EXTI9_5_IRQHandler
                0x080012dc       0x10 src/stm32l4xx_it.o
                0x080012dc                EXTI9_5_IRQHandler
 .text._sbrk    0x080012ec       0x58 src/syscalls.o
                0x080012ec                _sbrk
 .text.SystemInit
                0x08001344       0x6c src/system_stm32l4xx.o
                0x08001344                SystemInit
 .text.lcd_rcc  0x080013b0       0x40 src/temp_function.o
                0x080013b0                lcd_rcc
 .text.lcd_glass_dispalyDec
                0x080013f0       0x30 src/temp_function.o
                0x080013f0                lcd_glass_dispalyDec
 .text.Reset_Handler
                0x08001420       0x50 startup/startup_stm32l476xx.o
                0x08001420                Reset_Handler
 .text.Default_Handler
                0x08001470        0x2 startup/startup_stm32l476xx.o
                0x08001470                RTC_Alarm_IRQHandler
                0x08001470                TIM8_TRG_COM_IRQHandler
                0x08001470                TIM8_CC_IRQHandler
                0x08001470                DebugMon_Handler
                0x08001470                TIM1_CC_IRQHandler
                0x08001470                TSC_IRQHandler
                0x08001470                HardFault_Handler
                0x08001470                TAMP_STAMP_IRQHandler
                0x08001470                PendSV_Handler
                0x08001470                NMI_Handler
                0x08001470                LPTIM2_IRQHandler
                0x08001470                DFSDM1_FLT1_IRQHandler
                0x08001470                I2C3_ER_IRQHandler
                0x08001470                DFSDM1_FLT2_IRQHandler
                0x08001470                I2C2_EV_IRQHandler
                0x08001470                CAN1_RX0_IRQHandler
                0x08001470                FPU_IRQHandler
                0x08001470                TIM1_UP_TIM16_IRQHandler
                0x08001470                UsageFault_Handler
                0x08001470                ADC1_2_IRQHandler
                0x08001470                SPI1_IRQHandler
                0x08001470                TIM6_DAC_IRQHandler
                0x08001470                TIM8_UP_IRQHandler
                0x08001470                DMA2_Channel2_IRQHandler
                0x08001470                DMA1_Channel4_IRQHandler
                0x08001470                SAI2_IRQHandler
                0x08001470                DFSDM1_FLT3_IRQHandler
                0x08001470                USART3_IRQHandler
                0x08001470                DMA1_Channel7_IRQHandler
                0x08001470                CAN1_RX1_IRQHandler
                0x08001470                LCD_IRQHandler
                0x08001470                UART5_IRQHandler
                0x08001470                ADC3_IRQHandler
                0x08001470                TIM4_IRQHandler
                0x08001470                DMA2_Channel1_IRQHandler
                0x08001470                QUADSPI_IRQHandler
                0x08001470                I2C1_EV_IRQHandler
                0x08001470                DMA1_Channel6_IRQHandler
                0x08001470                UART4_IRQHandler
                0x08001470                DMA2_Channel4_IRQHandler
                0x08001470                TIM3_IRQHandler
                0x08001470                RCC_IRQHandler
                0x08001470                DMA1_Channel1_IRQHandler
                0x08001470                Default_Handler
                0x08001470                DMA2_Channel7_IRQHandler
                0x08001470                EXTI15_10_IRQHandler
                0x08001470                TIM7_IRQHandler
                0x08001470                SDMMC1_IRQHandler
                0x08001470                TIM5_IRQHandler
                0x08001470                I2C3_EV_IRQHandler
                0x08001470                RTC_WKUP_IRQHandler
                0x08001470                PVD_PVM_IRQHandler
                0x08001470                SPI2_IRQHandler
                0x08001470                MemManage_Handler
                0x08001470                CAN1_TX_IRQHandler
                0x08001470                SVC_Handler
                0x08001470                DMA2_Channel5_IRQHandler
                0x08001470                DMA1_Channel5_IRQHandler
                0x08001470                EXTI4_IRQHandler
                0x08001470                RNG_IRQHandler
                0x08001470                TIM1_TRG_COM_TIM17_IRQHandler
                0x08001470                DMA1_Channel3_IRQHandler
                0x08001470                COMP_IRQHandler
                0x08001470                WWDG_IRQHandler
                0x08001470                LPUART1_IRQHandler
                0x08001470                DMA2_Channel6_IRQHandler
                0x08001470                TIM2_IRQHandler
                0x08001470                USART2_IRQHandler
                0x08001470                DFSDM1_FLT0_IRQHandler
                0x08001470                I2C2_ER_IRQHandler
                0x08001470                DMA1_Channel2_IRQHandler
                0x08001470                TIM8_BRK_IRQHandler
                0x08001470                CAN1_SCE_IRQHandler
                0x08001470                FLASH_IRQHandler
                0x08001470                BusFault_Handler
                0x08001470                USART1_IRQHandler
                0x08001470                OTG_FS_IRQHandler
                0x08001470                SPI3_IRQHandler
                0x08001470                I2C1_ER_IRQHandler
                0x08001470                FMC_IRQHandler
                0x08001470                SWPMI1_IRQHandler
                0x08001470                LPTIM1_IRQHandler
                0x08001470                SAI1_IRQHandler
                0x08001470                DMA2_Channel3_IRQHandler
                0x08001470                TIM1_BRK_TIM15_IRQHandler
 *fill*         0x08001472        0x2 
 .text.HAL_InitTick
                0x08001474       0x38 D:\work\projects\eclipse_projects\stm32l476g-disco_hal_lib\Debug\libstm32l476g-disco_hal_lib.a(stm32l4xx_hal.o)
                0x08001474                HAL_InitTick
 .text.HAL_IncTick
                0x080014ac       0x1c D:\work\projects\eclipse_projects\stm32l476g-disco_hal_lib\Debug\libstm32l476g-disco_hal_lib.a(stm32l4xx_hal.o)
                0x080014ac                HAL_IncTick
 .text.HAL_GetTick
                0x080014c8       0x18 D:\work\projects\eclipse_projects\stm32l476g-disco_hal_lib\Debug\libstm32l476g-disco_hal_lib.a(stm32l4xx_hal.o)
                0x080014c8                HAL_GetTick
 .text.HAL_Delay
                0x080014e0       0x2c D:\work\projects\eclipse_projects\stm32l476g-disco_hal_lib\Debug\libstm32l476g-disco_hal_lib.a(stm32l4xx_hal.o)
                0x080014e0                HAL_Delay
 .text.NVIC_GetPriorityGrouping
                0x0800150c       0x1c D:\work\projects\eclipse_projects\stm32l476g-disco_hal_lib\Debug\libstm32l476g-disco_hal_lib.a(stm32l4xx_hal_cortex.o)
 .text.NVIC_EnableIRQ
                0x08001528       0x34 D:\work\projects\eclipse_projects\stm32l476g-disco_hal_lib\Debug\libstm32l476g-disco_hal_lib.a(stm32l4xx_hal_cortex.o)
 .text.NVIC_SetPriority
                0x0800155c       0x54 D:\work\projects\eclipse_projects\stm32l476g-disco_hal_lib\Debug\libstm32l476g-disco_hal_lib.a(stm32l4xx_hal_cortex.o)
 .text.NVIC_EncodePriority
                0x080015b0       0x64 D:\work\projects\eclipse_projects\stm32l476g-disco_hal_lib\Debug\libstm32l476g-disco_hal_lib.a(stm32l4xx_hal_cortex.o)
 .text.SysTick_Config
                0x08001614       0x44 D:\work\projects\eclipse_projects\stm32l476g-disco_hal_lib\Debug\libstm32l476g-disco_hal_lib.a(stm32l4xx_hal_cortex.o)
 .text.HAL_NVIC_SetPriority
                0x08001658       0x38 D:\work\projects\eclipse_projects\stm32l476g-disco_hal_lib\Debug\libstm32l476g-disco_hal_lib.a(stm32l4xx_hal_cortex.o)
                0x08001658                HAL_NVIC_SetPriority
 .text.HAL_NVIC_EnableIRQ
                0x08001690       0x1c D:\work\projects\eclipse_projects\stm32l476g-disco_hal_lib\Debug\libstm32l476g-disco_hal_lib.a(stm32l4xx_hal_cortex.o)
                0x08001690                HAL_NVIC_EnableIRQ
 .text.HAL_SYSTICK_Config
                0x080016ac       0x18 D:\work\projects\eclipse_projects\stm32l476g-disco_hal_lib\Debug\libstm32l476g-disco_hal_lib.a(stm32l4xx_hal_cortex.o)
                0x080016ac                HAL_SYSTICK_Config
 .text.HAL_SYSTICK_IRQHandler
                0x080016c4        0xc D:\work\projects\eclipse_projects\stm32l476g-disco_hal_lib\Debug\libstm32l476g-disco_hal_lib.a(stm32l4xx_hal_cortex.o)
                0x080016c4                HAL_SYSTICK_IRQHandler
 .text.HAL_SYSTICK_Callback
                0x080016d0       0x10 D:\work\projects\eclipse_projects\stm32l476g-disco_hal_lib\Debug\libstm32l476g-disco_hal_lib.a(stm32l4xx_hal_cortex.o)
                0x080016d0                HAL_SYSTICK_Callback
 .text.HAL_GPIO_Init
                0x080016e0      0x358 D:\work\projects\eclipse_projects\stm32l476g-disco_hal_lib\Debug\libstm32l476g-disco_hal_lib.a(stm32l4xx_hal_gpio.o)
                0x080016e0                HAL_GPIO_Init
 .text.HAL_GPIO_WritePin
                0x08001a38       0x30 D:\work\projects\eclipse_projects\stm32l476g-disco_hal_lib\Debug\libstm32l476g-disco_hal_lib.a(stm32l4xx_hal_gpio.o)
                0x08001a38                HAL_GPIO_WritePin
 .text.HAL_GPIO_EXTI_IRQHandler
                0x08001a68       0x30 D:\work\projects\eclipse_projects\stm32l476g-disco_hal_lib\Debug\libstm32l476g-disco_hal_lib.a(stm32l4xx_hal_gpio.o)
                0x08001a68                HAL_GPIO_EXTI_IRQHandler
 .text.HAL_RCC_OscConfig
                0x08001a98      0x70c D:\work\projects\eclipse_projects\stm32l476g-disco_hal_lib\Debug\libstm32l476g-disco_hal_lib.a(stm32l4xx_hal_rcc.o)
                0x08001a98                HAL_RCC_OscConfig
 .text.HAL_RCC_GetSysClockFreq
                0x080021a4      0x1f4 D:\work\projects\eclipse_projects\stm32l476g-disco_hal_lib\Debug\libstm32l476g-disco_hal_lib.a(stm32l4xx_hal_rcc.o)
                0x080021a4                HAL_RCC_GetSysClockFreq
 .text.HAL_RCC_GetHCLKFreq
                0x08002398       0x18 D:\work\projects\eclipse_projects\stm32l476g-disco_hal_lib\Debug\libstm32l476g-disco_hal_lib.a(stm32l4xx_hal_rcc.o)
                0x08002398                HAL_RCC_GetHCLKFreq
 .text.RCC_SetFlashLatencyFromMSIRange
                0x080023b0       0xc4 D:\work\projects\eclipse_projects\stm32l476g-disco_hal_lib\Debug\libstm32l476g-disco_hal_lib.a(stm32l4xx_hal_rcc.o)
 .text.BSP_LED_Init
                0x08002474       0x9c D:\work\projects\eclipse_projects\stm32l476g-disco_hal_lib\Debug\libstm32l476g-disco_hal_lib.a(stm32l476g_discovery.o)
                0x08002474                BSP_LED_Init
 .text.BSP_JOY_Init
                0x08002510      0x168 D:\work\projects\eclipse_projects\stm32l476g-disco_hal_lib\Debug\libstm32l476g-disco_hal_lib.a(stm32l476g_discovery.o)
                0x08002510                BSP_JOY_Init
 .text.BSP_LCD_GLASS_Init
                0x08002678       0x74 D:\work\projects\eclipse_projects\stm32l476g-disco_hal_lib\Debug\libstm32l476g-disco_hal_lib.a(stm32l476g_discovery_glass_lcd.o)
                0x08002678                BSP_LCD_GLASS_Init
 .text.BSP_LCD_GLASS_BarLevelConfig
                0x080026ec       0xf4 D:\work\projects\eclipse_projects\stm32l476g-disco_hal_lib\Debug\libstm32l476g-disco_hal_lib.a(stm32l476g_discovery_glass_lcd.o)
                0x080026ec                BSP_LCD_GLASS_BarLevelConfig
 .text.BSP_LCD_GLASS_DisplayString
                0x080027e0       0x5c D:\work\projects\eclipse_projects\stm32l476g-disco_hal_lib\Debug\libstm32l476g-disco_hal_lib.a(stm32l476g_discovery_glass_lcd.o)
                0x080027e0                BSP_LCD_GLASS_DisplayString
 .text.BSP_LCD_GLASS_Clear
                0x0800283c       0x14 D:\work\projects\eclipse_projects\stm32l476g-disco_hal_lib\Debug\libstm32l476g-disco_hal_lib.a(stm32l476g_discovery_glass_lcd.o)
                0x0800283c                BSP_LCD_GLASS_Clear
 .text.LCD_MspInit
                0x08002850      0x18c D:\work\projects\eclipse_projects\stm32l476g-disco_hal_lib\Debug\libstm32l476g-disco_hal_lib.a(stm32l476g_discovery_glass_lcd.o)
 .text.Convert  0x080029dc      0x190 D:\work\projects\eclipse_projects\stm32l476g-disco_hal_lib\Debug\libstm32l476g-disco_hal_lib.a(stm32l476g_discovery_glass_lcd.o)
 .text.WriteChar
                0x08002b6c      0x700 D:\work\projects\eclipse_projects\stm32l476g-disco_hal_lib\Debug\libstm32l476g-disco_hal_lib.a(stm32l476g_discovery_glass_lcd.o)
 .text.HAL_LCD_Init
                0x0800326c      0x178 D:\work\projects\eclipse_projects\stm32l476g-disco_hal_lib\Debug\libstm32l476g-disco_hal_lib.a(stm32l4xx_hal_lcd.o)
                0x0800326c                HAL_LCD_Init
 .text.HAL_LCD_MspInit
                0x080033e4       0x14 D:\work\projects\eclipse_projects\stm32l476g-disco_hal_lib\Debug\libstm32l476g-disco_hal_lib.a(stm32l4xx_hal_lcd.o)
                0x080033e4                HAL_LCD_MspInit
 .text.HAL_LCD_Write
                0x080033f8       0xc0 D:\work\projects\eclipse_projects\stm32l476g-disco_hal_lib\Debug\libstm32l476g-disco_hal_lib.a(stm32l4xx_hal_lcd.o)
                0x080033f8                HAL_LCD_Write
 .text.HAL_LCD_Clear
                0x080034b8       0xb4 D:\work\projects\eclipse_projects\stm32l476g-disco_hal_lib\Debug\libstm32l476g-disco_hal_lib.a(stm32l4xx_hal_lcd.o)
                0x080034b8                HAL_LCD_Clear
 .text.HAL_LCD_UpdateDisplayRequest
                0x0800356c       0x78 D:\work\projects\eclipse_projects\stm32l476g-disco_hal_lib\Debug\libstm32l476g-disco_hal_lib.a(stm32l4xx_hal_lcd.o)
                0x0800356c                HAL_LCD_UpdateDisplayRequest
 .text.LCD_WaitForSynchro
                0x080035e4       0x48 D:\work\projects\eclipse_projects\stm32l476g-disco_hal_lib\Debug\libstm32l476g-disco_hal_lib.a(stm32l4xx_hal_lcd.o)
                0x080035e4                LCD_WaitForSynchro
 .text.HAL_PWREx_GetVoltageRange
                0x0800362c       0x1c D:\work\projects\eclipse_projects\stm32l476g-disco_hal_lib\Debug\libstm32l476g-disco_hal_lib.a(stm32l4xx_hal_pwr_ex.o)
                0x0800362c                HAL_PWREx_GetVoltageRange
 .text.HAL_RCCEx_PeriphCLKConfig
                0x08003648      0x5c8 D:\work\projects\eclipse_projects\stm32l476g-disco_hal_lib\Debug\libstm32l476g-disco_hal_lib.a(stm32l4xx_hal_rcc_ex.o)
                0x08003648                HAL_RCCEx_PeriphCLKConfig
 .text.RCCEx_PLLSAI1_Config
                0x08003c10      0x2a8 D:\work\projects\eclipse_projects\stm32l476g-disco_hal_lib\Debug\libstm32l476g-disco_hal_lib.a(stm32l4xx_hal_rcc_ex.o)
 .text.RCCEx_PLLSAI2_Config
                0x08003eb8      0x250 D:\work\projects\eclipse_projects\stm32l476g-disco_hal_lib\Debug\libstm32l476g-disco_hal_lib.a(stm32l4xx_hal_rcc_ex.o)
 .text.__errno  0x08004108        0xc c:/program files/eclipse/plugins/fr.ac6.mcu.externaltools.arm-none.win32_1.12.0.201611241417/tools/compiler/bin/../lib/gcc/arm-none-eabi/5.4.1/../../../../arm-none-eabi/lib/armv7e-m/fpu\libc.a(lib_a-errno.o)
                0x08004108                __errno
 .text.__libc_init_array
                0x08004114       0x50 c:/program files/eclipse/plugins/fr.ac6.mcu.externaltools.arm-none.win32_1.12.0.201611241417/tools/compiler/bin/../lib/gcc/arm-none-eabi/5.4.1/../../../../arm-none-eabi/lib/armv7e-m/fpu\libc.a(lib_a-init.o)
                0x08004114                __libc_init_array
 .text.memset   0x08004164       0x9c c:/program files/eclipse/plugins/fr.ac6.mcu.externaltools.arm-none.win32_1.12.0.201611241417/tools/compiler/bin/../lib/gcc/arm-none-eabi/5.4.1/../../../../arm-none-eabi/lib/armv7e-m/fpu\libc.a(lib_a-memset.o)
                0x08004164                memset
 .text.sprintf  0x08004200       0x4c c:/program files/eclipse/plugins/fr.ac6.mcu.externaltools.arm-none.win32_1.12.0.201611241417/tools/compiler/bin/../lib/gcc/arm-none-eabi/5.4.1/../../../../arm-none-eabi/lib/armv7e-m/fpu\libc.a(lib_a-sprintf.o)
                0x08004200                sprintf
 *fill*         0x0800424c        0x4 
 .text._svfprintf_r
                0x08004250     0x16d0 c:/program files/eclipse/plugins/fr.ac6.mcu.externaltools.arm-none.win32_1.12.0.201611241417/tools/compiler/bin/../lib/gcc/arm-none-eabi/5.4.1/../../../../arm-none-eabi/lib/armv7e-m/fpu\libc.a(lib_a-svfprintf.o)
                0x08004250                _svfprintf_r
 .text.startup.register_fini
                0x08005920       0x14 c:/program files/eclipse/plugins/fr.ac6.mcu.externaltools.arm-none.win32_1.12.0.201611241417/tools/compiler/bin/../lib/gcc/arm-none-eabi/5.4.1/../../../../arm-none-eabi/lib/armv7e-m/fpu\libc.a(lib_a-__call_atexit.o)
 .text.atexit   0x08005934        0xc c:/program files/eclipse/plugins/fr.ac6.mcu.externaltools.arm-none.win32_1.12.0.201611241417/tools/compiler/bin/../lib/gcc/arm-none-eabi/5.4.1/../../../../arm-none-eabi/lib/armv7e-m/fpu\libc.a(lib_a-atexit.o)
                0x08005934                atexit
 .text.quorem   0x08005940      0x128 c:/program files/eclipse/plugins/fr.ac6.mcu.externaltools.arm-none.win32_1.12.0.201611241417/tools/compiler/bin/../lib/gcc/arm-none-eabi/5.4.1/../../../../arm-none-eabi/lib/armv7e-m/fpu\libc.a(lib_a-dtoa.o)
 .text._dtoa_r  0x08005a68      0xe34 c:/program files/eclipse/plugins/fr.ac6.mcu.externaltools.arm-none.win32_1.12.0.201611241417/tools/compiler/bin/../lib/gcc/arm-none-eabi/5.4.1/../../../../arm-none-eabi/lib/armv7e-m/fpu\libc.a(lib_a-dtoa.o)
                0x08005a68                _dtoa_r
 .text.__libc_fini_array
                0x0800689c       0x28 c:/program files/eclipse/plugins/fr.ac6.mcu.externaltools.arm-none.win32_1.12.0.201611241417/tools/compiler/bin/../lib/gcc/arm-none-eabi/5.4.1/../../../../arm-none-eabi/lib/armv7e-m/fpu\libc.a(lib_a-fini.o)
                0x0800689c                __libc_fini_array
 .text._localeconv_r
                0x080068c4        0x8 c:/program files/eclipse/plugins/fr.ac6.mcu.externaltools.arm-none.win32_1.12.0.201611241417/tools/compiler/bin/../lib/gcc/arm-none-eabi/5.4.1/../../../../arm-none-eabi/lib/armv7e-m/fpu\libc.a(lib_a-locale.o)
                0x080068c4                _localeconv_r
 .text._malloc_r
                0x080068cc      0x570 c:/program files/eclipse/plugins/fr.ac6.mcu.externaltools.arm-none.win32_1.12.0.201611241417/tools/compiler/bin/../lib/gcc/arm-none-eabi/5.4.1/../../../../arm-none-eabi/lib/armv7e-m/fpu\libc.a(lib_a-mallocr.o)
                0x080068cc                _malloc_r
 .text.__malloc_lock
                0x08006e3c        0x4 c:/program files/eclipse/plugins/fr.ac6.mcu.externaltools.arm-none.win32_1.12.0.201611241417/tools/compiler/bin/../lib/gcc/arm-none-eabi/5.4.1/../../../../arm-none-eabi/lib/armv7e-m/fpu\libc.a(lib_a-mlock.o)
                0x08006e3c                __malloc_lock
 .text.__malloc_unlock
                0x08006e40        0x4 c:/program files/eclipse/plugins/fr.ac6.mcu.externaltools.arm-none.win32_1.12.0.201611241417/tools/compiler/bin/../lib/gcc/arm-none-eabi/5.4.1/../../../../arm-none-eabi/lib/armv7e-m/fpu\libc.a(lib_a-mlock.o)
                0x08006e40                __malloc_unlock
 .text._Balloc  0x08006e44       0x4c c:/program files/eclipse/plugins/fr.ac6.mcu.externaltools.arm-none.win32_1.12.0.201611241417/tools/compiler/bin/../lib/gcc/arm-none-eabi/5.4.1/../../../../arm-none-eabi/lib/armv7e-m/fpu\libc.a(lib_a-mprec.o)
                0x08006e44                _Balloc
 .text._Bfree   0x08006e90       0x14 c:/program files/eclipse/plugins/fr.ac6.mcu.externaltools.arm-none.win32_1.12.0.201611241417/tools/compiler/bin/../lib/gcc/arm-none-eabi/5.4.1/../../../../arm-none-eabi/lib/armv7e-m/fpu\libc.a(lib_a-mprec.o)
                0x08006e90                _Bfree
 .text.__multadd
                0x08006ea4       0x80 c:/program files/eclipse/plugins/fr.ac6.mcu.externaltools.arm-none.win32_1.12.0.201611241417/tools/compiler/bin/../lib/gcc/arm-none-eabi/5.4.1/../../../../arm-none-eabi/lib/armv7e-m/fpu\libc.a(lib_a-mprec.o)
                0x08006ea4                __multadd
 .text.__hi0bits
                0x08006f24       0x40 c:/program files/eclipse/plugins/fr.ac6.mcu.externaltools.arm-none.win32_1.12.0.201611241417/tools/compiler/bin/../lib/gcc/arm-none-eabi/5.4.1/../../../../arm-none-eabi/lib/armv7e-m/fpu\libc.a(lib_a-mprec.o)
                0x08006f24                __hi0bits
 .text.__lo0bits
                0x08006f64       0x5c c:/program files/eclipse/plugins/fr.ac6.mcu.externaltools.arm-none.win32_1.12.0.201611241417/tools/compiler/bin/../lib/gcc/arm-none-eabi/5.4.1/../../../../arm-none-eabi/lib/armv7e-m/fpu\libc.a(lib_a-mprec.o)
                0x08006f64                __lo0bits
 .text.__i2b    0x08006fc0       0x14 c:/program files/eclipse/plugins/fr.ac6.mcu.externaltools.arm-none.win32_1.12.0.201611241417/tools/compiler/bin/../lib/gcc/arm-none-eabi/5.4.1/../../../../arm-none-eabi/lib/armv7e-m/fpu\libc.a(lib_a-mprec.o)
                0x08006fc0                __i2b
 .text.__multiply
                0x08006fd4      0x130 c:/program files/eclipse/plugins/fr.ac6.mcu.externaltools.arm-none.win32_1.12.0.201611241417/tools/compiler/bin/../lib/gcc/arm-none-eabi/5.4.1/../../../../arm-none-eabi/lib/armv7e-m/fpu\libc.a(lib_a-mprec.o)
                0x08006fd4                __multiply
 .text.__pow5mult
                0x08007104       0xa0 c:/program files/eclipse/plugins/fr.ac6.mcu.externaltools.arm-none.win32_1.12.0.201611241417/tools/compiler/bin/../lib/gcc/arm-none-eabi/5.4.1/../../../../arm-none-eabi/lib/armv7e-m/fpu\libc.a(lib_a-mprec.o)
                0x08007104                __pow5mult
 .text.__lshift
                0x080071a4       0xb0 c:/program files/eclipse/plugins/fr.ac6.mcu.externaltools.arm-none.win32_1.12.0.201611241417/tools/compiler/bin/../lib/gcc/arm-none-eabi/5.4.1/../../../../arm-none-eabi/lib/armv7e-m/fpu\libc.a(lib_a-mprec.o)
                0x080071a4                __lshift
 .text.__mcmp   0x08007254       0x44 c:/program files/eclipse/plugins/fr.ac6.mcu.externaltools.arm-none.win32_1.12.0.201611241417/tools/compiler/bin/../lib/gcc/arm-none-eabi/5.4.1/../../../../arm-none-eabi/lib/armv7e-m/fpu\libc.a(lib_a-mprec.o)
                0x08007254                __mcmp
 .text.__mdiff  0x08007298      0x114 c:/program files/eclipse/plugins/fr.ac6.mcu.externaltools.arm-none.win32_1.12.0.201611241417/tools/compiler/bin/../lib/gcc/arm-none-eabi/5.4.1/../../../../arm-none-eabi/lib/armv7e-m/fpu\libc.a(lib_a-mprec.o)
                0x08007298                __mdiff
 .text.__d2b    0x080073ac       0xbc c:/program files/eclipse/plugins/fr.ac6.mcu.externaltools.arm-none.win32_1.12.0.201611241417/tools/compiler/bin/../lib/gcc/arm-none-eabi/5.4.1/../../../../arm-none-eabi/lib/armv7e-m/fpu\libc.a(lib_a-mprec.o)
                0x080073ac                __d2b
 .text._sbrk_r  0x08007468       0x24 c:/program files/eclipse/plugins/fr.ac6.mcu.externaltools.arm-none.win32_1.12.0.201611241417/tools/compiler/bin/../lib/gcc/arm-none-eabi/5.4.1/../../../../arm-none-eabi/lib/armv7e-m/fpu\libc.a(lib_a-sbrkr.o)
                0x08007468                _sbrk_r
 .text.__ssprint_r
                0x0800748c      0x100 c:/program files/eclipse/plugins/fr.ac6.mcu.externaltools.arm-none.win32_1.12.0.201611241417/tools/compiler/bin/../lib/gcc/arm-none-eabi/5.4.1/../../../../arm-none-eabi/lib/armv7e-m/fpu\libc.a(lib_a-svfiprintf.o)
                0x0800748c                __ssprint_r
 .text.__register_exitproc
                0x0800758c       0xa4 c:/program files/eclipse/plugins/fr.ac6.mcu.externaltools.arm-none.win32_1.12.0.201611241417/tools/compiler/bin/../lib/gcc/arm-none-eabi/5.4.1/../../../../arm-none-eabi/lib/armv7e-m/fpu\libc.a(lib_a-__atexit.o)
                0x0800758c                __register_exitproc
 .text._calloc_r
                0x08007630       0x60 c:/program files/eclipse/plugins/fr.ac6.mcu.externaltools.arm-none.win32_1.12.0.201611241417/tools/compiler/bin/../lib/gcc/arm-none-eabi/5.4.1/../../../../arm-none-eabi/lib/armv7e-m/fpu\libc.a(lib_a-callocr.o)
                0x08007630                _calloc_r
 .text._malloc_trim_r
                0x08007690       0x9c c:/program files/eclipse/plugins/fr.ac6.mcu.externaltools.arm-none.win32_1.12.0.201611241417/tools/compiler/bin/../lib/gcc/arm-none-eabi/5.4.1/../../../../arm-none-eabi/lib/armv7e-m/fpu\libc.a(lib_a-freer.o)
                0x08007690                _malloc_trim_r
 .text._free_r  0x0800772c      0x1d0 c:/program files/eclipse/plugins/fr.ac6.mcu.externaltools.arm-none.win32_1.12.0.201611241417/tools/compiler/bin/../lib/gcc/arm-none-eabi/5.4.1/../../../../arm-none-eabi/lib/armv7e-m/fpu\libc.a(lib_a-freer.o)
                0x0800772c                _free_r
 .text.memmove  0x080078fc       0xc8 c:/program files/eclipse/plugins/fr.ac6.mcu.externaltools.arm-none.win32_1.12.0.201611241417/tools/compiler/bin/../lib/gcc/arm-none-eabi/5.4.1/../../../../arm-none-eabi/lib/armv7e-m/fpu\libc.a(lib_a-memmove.o)
                0x080078fc                memmove
 .text._realloc_r
                0x080079c4      0x3e0 c:/program files/eclipse/plugins/fr.ac6.mcu.externaltools.arm-none.win32_1.12.0.201611241417/tools/compiler/bin/../lib/gcc/arm-none-eabi/5.4.1/../../../../arm-none-eabi/lib/armv7e-m/fpu\libc.a(lib_a-reallocr.o)
                0x080079c4                _realloc_r
 *(.glue_7)
 .glue_7        0x08007da4        0x0 linker stubs
 *(.glue_7t)
 .glue_7t       0x08007da4        0x0 linker stubs
 *(.eh_frame)
 .eh_frame      0x08007da4        0x0 c:/program files/eclipse/plugins/fr.ac6.mcu.externaltools.arm-none.win32_1.12.0.201611241417/tools/compiler/bin/../lib/gcc/arm-none-eabi/5.4.1/armv7e-m/fpu/crtbegin.o
 *(.init)
 .init          0x08007da4        0x4 c:/program files/eclipse/plugins/fr.ac6.mcu.externaltools.arm-none.win32_1.12.0.201611241417/tools/compiler/bin/../lib/gcc/arm-none-eabi/5.4.1/armv7e-m/fpu/crti.o
                0x08007da4                _init
 .init          0x08007da8        0x8 c:/program files/eclipse/plugins/fr.ac6.mcu.externaltools.arm-none.win32_1.12.0.201611241417/tools/compiler/bin/../lib/gcc/arm-none-eabi/5.4.1/armv7e-m/fpu/crtn.o
 *(.fini)
 .fini          0x08007db0        0x4 c:/program files/eclipse/plugins/fr.ac6.mcu.externaltools.arm-none.win32_1.12.0.201611241417/tools/compiler/bin/../lib/gcc/arm-none-eabi/5.4.1/armv7e-m/fpu/crti.o
                0x08007db0                _fini
 .fini          0x08007db4        0x8 c:/program files/eclipse/plugins/fr.ac6.mcu.externaltools.arm-none.win32_1.12.0.201611241417/tools/compiler/bin/../lib/gcc/arm-none-eabi/5.4.1/armv7e-m/fpu/crtn.o
                0x08007dc0                . = ALIGN (0x8)
 *fill*         0x08007dbc        0x4 
                0x08007dc0                _etext = .

.vfp11_veneer   0x08007dc0        0x0
 .vfp11_veneer  0x08007dc0        0x0 linker stubs

.v4_bx          0x08007dc0        0x0
 .v4_bx         0x08007dc0        0x0 linker stubs

.iplt           0x08007dc0        0x0
 .iplt          0x08007dc0        0x0 c:/program files/eclipse/plugins/fr.ac6.mcu.externaltools.arm-none.win32_1.12.0.201611241417/tools/compiler/bin/../lib/gcc/arm-none-eabi/5.4.1/armv7e-m/fpu/crtbegin.o

.rodata         0x08007dc0      0x258
                0x08007dc0                . = ALIGN (0x8)
 *(.rodata)
 .rodata        0x08007dc0       0x1d src/joystick.o
 *fill*         0x08007ddd        0x3 
 .rodata        0x08007de0        0x7 src/main.o
 *fill*         0x08007de7        0x1 
 .rodata        0x08007de8       0x48 src/system_stm32l4xx.o
                0x08007de8                AHBPrescTable
                0x08007df8                APBPrescTable
                0x08007e00                MSIRangeTable
 .rodata        0x08007e30        0x4 src/temp_function.o
 .rodata        0x08007e34       0x15 D:\work\projects\eclipse_projects\stm32l476g-disco_hal_lib\Debug\libstm32l476g-disco_hal_lib.a(stm32l476g_discovery.o)
                0x08007e34                LED_PIN
                0x08007e38                JOY_PIN
                0x08007e44                JOY_IRQn
 *fill*         0x08007e49        0x3 
 .rodata        0x08007e4c       0x48 D:\work\projects\eclipse_projects\stm32l476g-disco_hal_lib\Debug\libstm32l476g-disco_hal_lib.a(stm32l476g_discovery_glass_lcd.o)
                0x08007e4c                CapLetterMap
                0x08007e80                NumberMap
 *(.rodata*)
 .rodata.str1.4
                0x08007e94        0x2 c:/program files/eclipse/plugins/fr.ac6.mcu.externaltools.arm-none.win32_1.12.0.201611241417/tools/compiler/bin/../lib/gcc/arm-none-eabi/5.4.1/../../../../arm-none-eabi/lib/armv7e-m/fpu\libc.a(lib_a-impure.o)
 *fill*         0x08007e96        0x2 
 .rodata._global_impure_ptr
                0x08007e98        0x4 c:/program files/eclipse/plugins/fr.ac6.mcu.externaltools.arm-none.win32_1.12.0.201611241417/tools/compiler/bin/../lib/gcc/arm-none-eabi/5.4.1/../../../../arm-none-eabi/lib/armv7e-m/fpu\libc.a(lib_a-impure.o)
                0x08007e98                _global_impure_ptr
 .rodata.blanks.7057
                0x08007e9c       0x10 c:/program files/eclipse/plugins/fr.ac6.mcu.externaltools.arm-none.win32_1.12.0.201611241417/tools/compiler/bin/../lib/gcc/arm-none-eabi/5.4.1/../../../../arm-none-eabi/lib/armv7e-m/fpu\libc.a(lib_a-svfprintf.o)
 .rodata.str1.4
                0x08007eac       0x42 c:/program files/eclipse/plugins/fr.ac6.mcu.externaltools.arm-none.win32_1.12.0.201611241417/tools/compiler/bin/../lib/gcc/arm-none-eabi/5.4.1/../../../../arm-none-eabi/lib/armv7e-m/fpu\libc.a(lib_a-svfprintf.o)
 *fill*         0x08007eee        0x2 
 .rodata.zeroes.7058
                0x08007ef0       0x10 c:/program files/eclipse/plugins/fr.ac6.mcu.externaltools.arm-none.win32_1.12.0.201611241417/tools/compiler/bin/../lib/gcc/arm-none-eabi/5.4.1/../../../../arm-none-eabi/lib/armv7e-m/fpu\libc.a(lib_a-svfprintf.o)
 .rodata.str1.4
                0x08007f00       0x10 c:/program files/eclipse/plugins/fr.ac6.mcu.externaltools.arm-none.win32_1.12.0.201611241417/tools/compiler/bin/../lib/gcc/arm-none-eabi/5.4.1/../../../../arm-none-eabi/lib/armv7e-m/fpu\libc.a(lib_a-dtoa.o)
                                 0x12 (size before relaxing)
 .rodata.str1.4
                0x08007f10        0xc c:/program files/eclipse/plugins/fr.ac6.mcu.externaltools.arm-none.win32_1.12.0.201611241417/tools/compiler/bin/../lib/gcc/arm-none-eabi/5.4.1/../../../../arm-none-eabi/lib/armv7e-m/fpu\libc.a(lib_a-locale.o)
                                 0x12 (size before relaxing)
 .rodata.p05.5398
                0x08007f1c        0xc c:/program files/eclipse/plugins/fr.ac6.mcu.externaltools.arm-none.win32_1.12.0.201611241417/tools/compiler/bin/../lib/gcc/arm-none-eabi/5.4.1/../../../../arm-none-eabi/lib/armv7e-m/fpu\libc.a(lib_a-mprec.o)
 .rodata.__mprec_tens
                0x08007f28       0xc8 c:/program files/eclipse/plugins/fr.ac6.mcu.externaltools.arm-none.win32_1.12.0.201611241417/tools/compiler/bin/../lib/gcc/arm-none-eabi/5.4.1/../../../../arm-none-eabi/lib/armv7e-m/fpu\libc.a(lib_a-mprec.o)
                0x08007f28                __mprec_tens
 .rodata.__mprec_bigtens
                0x08007ff0       0x28 c:/program files/eclipse/plugins/fr.ac6.mcu.externaltools.arm-none.win32_1.12.0.201611241417/tools/compiler/bin/../lib/gcc/arm-none-eabi/5.4.1/../../../../arm-none-eabi/lib/armv7e-m/fpu\libc.a(lib_a-mprec.o)
                0x08007ff0                __mprec_bigtens
                0x08008018                . = ALIGN (0x8)

.ARM.extab      0x08008018        0x0
                0x08008018                . = ALIGN (0x8)
 *(.ARM.extab* .gnu.linkonce.armextab.*)
                0x08008018                . = ALIGN (0x8)

.ARM            0x08008018        0x8
                0x08008018                . = ALIGN (0x8)
                0x08008018                __exidx_start = .
 *(.ARM.exidx*)
 .ARM.exidx     0x08008018        0x8 c:/program files/eclipse/plugins/fr.ac6.mcu.externaltools.arm-none.win32_1.12.0.201611241417/tools/compiler/bin/../lib/gcc/arm-none-eabi/5.4.1/armv7e-m/fpu\libgcc.a(_udivmoddi4.o)
                0x08008020                __exidx_end = .
                0x08008020                . = ALIGN (0x8)

.rel.dyn        0x08008020        0x0
 .rel.iplt      0x08008020        0x0 c:/program files/eclipse/plugins/fr.ac6.mcu.externaltools.arm-none.win32_1.12.0.201611241417/tools/compiler/bin/../lib/gcc/arm-none-eabi/5.4.1/armv7e-m/fpu/crtbegin.o

.preinit_array  0x08008020        0x0
                0x08008020                . = ALIGN (0x8)
                0x08008020                PROVIDE (__preinit_array_start, .)
 *(.preinit_array*)
                0x08008020                PROVIDE (__preinit_array_end, .)
                0x08008020                . = ALIGN (0x8)

.init_array     0x08008020        0x8
                0x08008020                . = ALIGN (0x8)
                0x08008020                PROVIDE (__init_array_start, .)
 *(SORT(.init_array.*))
 .init_array.00000
                0x08008020        0x4 c:/program files/eclipse/plugins/fr.ac6.mcu.externaltools.arm-none.win32_1.12.0.201611241417/tools/compiler/bin/../lib/gcc/arm-none-eabi/5.4.1/../../../../arm-none-eabi/lib/armv7e-m/fpu\libc.a(lib_a-__call_atexit.o)
 *(.init_array*)
 .init_array    0x08008024        0x4 c:/program files/eclipse/plugins/fr.ac6.mcu.externaltools.arm-none.win32_1.12.0.201611241417/tools/compiler/bin/../lib/gcc/arm-none-eabi/5.4.1/armv7e-m/fpu/crtbegin.o
                0x08008028                PROVIDE (__init_array_end, .)
                0x08008028                . = ALIGN (0x8)

.fini_array     0x08008028        0x8
                0x08008028                . = ALIGN (0x8)
                0x08008028                PROVIDE (__fini_array_start, .)
 *(SORT(.fini_array.*))
 *(.fini_array*)
 .fini_array    0x08008028        0x4 c:/program files/eclipse/plugins/fr.ac6.mcu.externaltools.arm-none.win32_1.12.0.201611241417/tools/compiler/bin/../lib/gcc/arm-none-eabi/5.4.1/armv7e-m/fpu/crtbegin.o
                0x0800802c                PROVIDE (__fini_array_end, .)
                0x08008030                . = ALIGN (0x8)
 *fill*         0x0800802c        0x4 
                0x08008030                _sidata = LOADADDR (.data)

.data           0x20000000      0x8a8 load address 0x08008030
                0x20000000                . = ALIGN (0x8)
                0x20000000                _sdata = .
 *(.data)
 .data          0x20000000        0x4 src/system_stm32l4xx.o
                0x20000000                SystemCoreClock
 .data          0x20000004       0x28 D:\work\projects\eclipse_projects\stm32l476g-disco_hal_lib\Debug\libstm32l476g-disco_hal_lib.a(stm32l476g_discovery.o)
                0x20000004                LED_PORT
                0x2000000c                JOY_PORT
                0x20000020                I2c1Timeout
                0x20000024                I2c2Timeout
                0x20000028                SpixTimeout
 .data          0x2000002c        0x1 D:\work\projects\eclipse_projects\stm32l476g-disco_hal_lib\Debug\libstm32l476g-disco_hal_lib.a(stm32l476g_discovery_glass_lcd.o)
                0x2000002c                LCDBar
 *(.data*)
 *fill*         0x2000002d        0x3 
 .data.impure_data
                0x20000030      0x428 c:/program files/eclipse/plugins/fr.ac6.mcu.externaltools.arm-none.win32_1.12.0.201611241417/tools/compiler/bin/../lib/gcc/arm-none-eabi/5.4.1/../../../../arm-none-eabi/lib/armv7e-m/fpu\libc.a(lib_a-impure.o)
 .data._impure_ptr
                0x20000458        0x4 c:/program files/eclipse/plugins/fr.ac6.mcu.externaltools.arm-none.win32_1.12.0.201611241417/tools/compiler/bin/../lib/gcc/arm-none-eabi/5.4.1/../../../../arm-none-eabi/lib/armv7e-m/fpu\libc.a(lib_a-impure.o)
                0x20000458                _impure_ptr
 .data.lconv    0x2000045c       0x38 c:/program files/eclipse/plugins/fr.ac6.mcu.externaltools.arm-none.win32_1.12.0.201611241417/tools/compiler/bin/../lib/gcc/arm-none-eabi/5.4.1/../../../../arm-none-eabi/lib/armv7e-m/fpu\libc.a(lib_a-locale.o)
 .data.__malloc_av_
                0x20000494      0x408 c:/program files/eclipse/plugins/fr.ac6.mcu.externaltools.arm-none.win32_1.12.0.201611241417/tools/compiler/bin/../lib/gcc/arm-none-eabi/5.4.1/../../../../arm-none-eabi/lib/armv7e-m/fpu\libc.a(lib_a-mallocr.o)
                0x20000494                __malloc_av_
 .data.__malloc_trim_threshold
                0x2000089c        0x4 c:/program files/eclipse/plugins/fr.ac6.mcu.externaltools.arm-none.win32_1.12.0.201611241417/tools/compiler/bin/../lib/gcc/arm-none-eabi/5.4.1/../../../../arm-none-eabi/lib/armv7e-m/fpu\libc.a(lib_a-mallocr.o)
                0x2000089c                __malloc_trim_threshold
 .data.__malloc_sbrk_base
                0x200008a0        0x4 c:/program files/eclipse/plugins/fr.ac6.mcu.externaltools.arm-none.win32_1.12.0.201611241417/tools/compiler/bin/../lib/gcc/arm-none-eabi/5.4.1/../../../../arm-none-eabi/lib/armv7e-m/fpu\libc.a(lib_a-mallocr.o)
                0x200008a0                __malloc_sbrk_base
                0x200008a8                . = ALIGN (0x8)
 *fill*         0x200008a4        0x4 
                0x200008a8                _edata = .

.jcr            0x200008a8        0x0 load address 0x080088d8
 .jcr           0x200008a8        0x0 c:/program files/eclipse/plugins/fr.ac6.mcu.externaltools.arm-none.win32_1.12.0.201611241417/tools/compiler/bin/../lib/gcc/arm-none-eabi/5.4.1/armv7e-m/fpu/crtbegin.o

.igot.plt       0x200008a8        0x0 load address 0x080088d8
 .igot.plt      0x200008a8        0x0 c:/program files/eclipse/plugins/fr.ac6.mcu.externaltools.arm-none.win32_1.12.0.201611241417/tools/compiler/bin/../lib/gcc/arm-none-eabi/5.4.1/armv7e-m/fpu/crtbegin.o
                0x200008a8                . = ALIGN (0x4)

.bss            0x200008a8       0xac load address 0x080088d8
                0x200008a8                _sbss = .
                0x200008a8                __bss_start__ = _sbss
 *(.bss)
 .bss           0x200008a8       0x1c c:/program files/eclipse/plugins/fr.ac6.mcu.externaltools.arm-none.win32_1.12.0.201611241417/tools/compiler/bin/../lib/gcc/arm-none-eabi/5.4.1/armv7e-m/fpu/crtbegin.o
 .bss           0x200008c4        0x8 src/syscalls.o
                0x200008c4                __env
 *(.bss*)
 .bss.__malloc_max_total_mem
                0x200008cc        0x4 c:/program files/eclipse/plugins/fr.ac6.mcu.externaltools.arm-none.win32_1.12.0.201611241417/tools/compiler/bin/../lib/gcc/arm-none-eabi/5.4.1/../../../../arm-none-eabi/lib/armv7e-m/fpu\libc.a(lib_a-mallocr.o)
                0x200008cc                __malloc_max_total_mem
 .bss.__malloc_max_sbrked_mem
                0x200008d0        0x4 c:/program files/eclipse/plugins/fr.ac6.mcu.externaltools.arm-none.win32_1.12.0.201611241417/tools/compiler/bin/../lib/gcc/arm-none-eabi/5.4.1/../../../../arm-none-eabi/lib/armv7e-m/fpu\libc.a(lib_a-mallocr.o)
                0x200008d0                __malloc_max_sbrked_mem
 .bss.__malloc_top_pad
                0x200008d4        0x4 c:/program files/eclipse/plugins/fr.ac6.mcu.externaltools.arm-none.win32_1.12.0.201611241417/tools/compiler/bin/../lib/gcc/arm-none-eabi/5.4.1/../../../../arm-none-eabi/lib/armv7e-m/fpu\libc.a(lib_a-mallocr.o)
                0x200008d4                __malloc_top_pad
 .bss.__malloc_current_mallinfo
                0x200008d8       0x28 c:/program files/eclipse/plugins/fr.ac6.mcu.externaltools.arm-none.win32_1.12.0.201611241417/tools/compiler/bin/../lib/gcc/arm-none-eabi/5.4.1/../../../../arm-none-eabi/lib/armv7e-m/fpu\libc.a(lib_a-mallocr.o)
                0x200008d8                __malloc_current_mallinfo
 *(COMMON)
 COMMON         0x20000900        0x4 D:\work\projects\eclipse_projects\stm32l476g-disco_hal_lib\Debug\libstm32l476g-disco_hal_lib.a(stm32l4xx_hal.o)
                0x20000900                uwTick
 COMMON         0x20000904       0x4c D:\work\projects\eclipse_projects\stm32l476g-disco_hal_lib\Debug\libstm32l476g-disco_hal_lib.a(stm32l476g_discovery_glass_lcd.o)
                0x20000904                Digit
                0x20000914                LCDHandle
 COMMON         0x20000950        0x4 c:/program files/eclipse/plugins/fr.ac6.mcu.externaltools.arm-none.win32_1.12.0.201611241417/tools/compiler/bin/../lib/gcc/arm-none-eabi/5.4.1/../../../../arm-none-eabi/lib/armv7e-m/fpu\libc.a(lib_a-reent.o)
                0x20000950                errno
                0x20000954                . = ALIGN (0x4)
                0x20000954                _ebss = .
                0x20000954                __bss_end__ = _ebss

._user_heap_stack
                0x20000954      0x604 load address 0x080088d8
                0x20000958                . = ALIGN (0x8)
 *fill*         0x20000954        0x4 
                0x20000958                PROVIDE (end, .)
                [!provide]                PROVIDE (_end, .)
                0x20000b58                . = (. + _Min_Heap_Size)
 *fill*         0x20000958      0x200 
                0x20000f58                . = (. + _Min_Stack_Size)
 *fill*         0x20000b58      0x400 
                0x20000f58                . = ALIGN (0x8)

/DISCARD/
 libc.a(*)
 libm.a(*)
 libgcc.a(*)

.ARM.attributes
                0x00000000       0x30
 *(.ARM.attributes)
 .ARM.attributes
                0x00000000       0x22 c:/program files/eclipse/plugins/fr.ac6.mcu.externaltools.arm-none.win32_1.12.0.201611241417/tools/compiler/bin/../lib/gcc/arm-none-eabi/5.4.1/armv7e-m/fpu/crti.o
 .ARM.attributes
                0x00000022       0x34 c:/program files/eclipse/plugins/fr.ac6.mcu.externaltools.arm-none.win32_1.12.0.201611241417/tools/compiler/bin/../lib/gcc/arm-none-eabi/5.4.1/armv7e-m/fpu/crtbegin.o
 .ARM.attributes
                0x00000056       0x39 src/joystick.o
 .ARM.attributes
                0x0000008f       0x39 src/main.o
 .ARM.attributes
                0x000000c8       0x39 src/stm32l4xx_it.o
 .ARM.attributes
                0x00000101       0x39 src/syscalls.o
 .ARM.attributes
                0x0000013a       0x39 src/system_stm32l4xx.o
 .ARM.attributes
                0x00000173       0x39 src/temp_function.o
 .ARM.attributes
                0x000001ac       0x21 startup/startup_stm32l476xx.o
 .ARM.attributes
                0x000001cd       0x39 D:\work\projects\eclipse_projects\stm32l476g-disco_hal_lib\Debug\libstm32l476g-disco_hal_lib.a(stm32l4xx_hal.o)
 .ARM.attributes
                0x00000206       0x39 D:\work\projects\eclipse_projects\stm32l476g-disco_hal_lib\Debug\libstm32l476g-disco_hal_lib.a(stm32l4xx_hal_cortex.o)
 .ARM.attributes
                0x0000023f       0x39 D:\work\projects\eclipse_projects\stm32l476g-disco_hal_lib\Debug\libstm32l476g-disco_hal_lib.a(stm32l4xx_hal_gpio.o)
 .ARM.attributes
                0x00000278       0x39 D:\work\projects\eclipse_projects\stm32l476g-disco_hal_lib\Debug\libstm32l476g-disco_hal_lib.a(stm32l4xx_hal_rcc.o)
 .ARM.attributes
                0x000002b1       0x39 D:\work\projects\eclipse_projects\stm32l476g-disco_hal_lib\Debug\libstm32l476g-disco_hal_lib.a(stm32l476g_discovery.o)
 .ARM.attributes
                0x000002ea       0x39 D:\work\projects\eclipse_projects\stm32l476g-disco_hal_lib\Debug\libstm32l476g-disco_hal_lib.a(stm32l476g_discovery_glass_lcd.o)
 .ARM.attributes
                0x00000323       0x39 D:\work\projects\eclipse_projects\stm32l476g-disco_hal_lib\Debug\libstm32l476g-disco_hal_lib.a(stm32l4xx_hal_lcd.o)
 .ARM.attributes
                0x0000035c       0x39 D:\work\projects\eclipse_projects\stm32l476g-disco_hal_lib\Debug\libstm32l476g-disco_hal_lib.a(stm32l4xx_hal_pwr_ex.o)
 .ARM.attributes
                0x00000395       0x39 D:\work\projects\eclipse_projects\stm32l476g-disco_hal_lib\Debug\libstm32l476g-disco_hal_lib.a(stm32l4xx_hal_rcc_ex.o)
 .ARM.attributes
                0x000003ce       0x34 c:/program files/eclipse/plugins/fr.ac6.mcu.externaltools.arm-none.win32_1.12.0.201611241417/tools/compiler/bin/../lib/gcc/arm-none-eabi/5.4.1/../../../../arm-none-eabi/lib/armv7e-m/fpu\libc.a(lib_a-errno.o)
 .ARM.attributes
                0x00000402       0x34 c:/program files/eclipse/plugins/fr.ac6.mcu.externaltools.arm-none.win32_1.12.0.201611241417/tools/compiler/bin/../lib/gcc/arm-none-eabi/5.4.1/../../../../arm-none-eabi/lib/armv7e-m/fpu\libc.a(lib_a-impure.o)
 .ARM.attributes
                0x00000436       0x34 c:/program files/eclipse/plugins/fr.ac6.mcu.externaltools.arm-none.win32_1.12.0.201611241417/tools/compiler/bin/../lib/gcc/arm-none-eabi/5.4.1/../../../../arm-none-eabi/lib/armv7e-m/fpu\libc.a(lib_a-init.o)
 .ARM.attributes
                0x0000046a       0x34 c:/program files/eclipse/plugins/fr.ac6.mcu.externaltools.arm-none.win32_1.12.0.201611241417/tools/compiler/bin/../lib/gcc/arm-none-eabi/5.4.1/../../../../arm-none-eabi/lib/armv7e-m/fpu\libc.a(lib_a-memset.o)
 .ARM.attributes
                0x0000049e       0x34 c:/program files/eclipse/plugins/fr.ac6.mcu.externaltools.arm-none.win32_1.12.0.201611241417/tools/compiler/bin/../lib/gcc/arm-none-eabi/5.4.1/../../../../arm-none-eabi/lib/armv7e-m/fpu\libc.a(lib_a-sprintf.o)
 .ARM.attributes
                0x000004d2       0x34 c:/program files/eclipse/plugins/fr.ac6.mcu.externaltools.arm-none.win32_1.12.0.201611241417/tools/compiler/bin/../lib/gcc/arm-none-eabi/5.4.1/../../../../arm-none-eabi/lib/armv7e-m/fpu\libc.a(lib_a-svfprintf.o)
 .ARM.attributes
                0x00000506       0x34 c:/program files/eclipse/plugins/fr.ac6.mcu.externaltools.arm-none.win32_1.12.0.201611241417/tools/compiler/bin/../lib/gcc/arm-none-eabi/5.4.1/../../../../arm-none-eabi/lib/armv7e-m/fpu\libc.a(lib_a-__call_atexit.o)
 .ARM.attributes
                0x0000053a       0x34 c:/program files/eclipse/plugins/fr.ac6.mcu.externaltools.arm-none.win32_1.12.0.201611241417/tools/compiler/bin/../lib/gcc/arm-none-eabi/5.4.1/../../../../arm-none-eabi/lib/armv7e-m/fpu\libc.a(lib_a-atexit.o)
 .ARM.attributes
                0x0000056e       0x34 c:/program files/eclipse/plugins/fr.ac6.mcu.externaltools.arm-none.win32_1.12.0.201611241417/tools/compiler/bin/../lib/gcc/arm-none-eabi/5.4.1/../../../../arm-none-eabi/lib/armv7e-m/fpu\libc.a(lib_a-dtoa.o)
 .ARM.attributes
                0x000005a2       0x34 c:/program files/eclipse/plugins/fr.ac6.mcu.externaltools.arm-none.win32_1.12.0.201611241417/tools/compiler/bin/../lib/gcc/arm-none-eabi/5.4.1/../../../../arm-none-eabi/lib/armv7e-m/fpu\libc.a(lib_a-fini.o)
 .ARM.attributes
                0x000005d6       0x34 c:/program files/eclipse/plugins/fr.ac6.mcu.externaltools.arm-none.win32_1.12.0.201611241417/tools/compiler/bin/../lib/gcc/arm-none-eabi/5.4.1/../../../../arm-none-eabi/lib/armv7e-m/fpu\libc.a(lib_a-locale.o)
 .ARM.attributes
                0x0000060a       0x34 c:/program files/eclipse/plugins/fr.ac6.mcu.externaltools.arm-none.win32_1.12.0.201611241417/tools/compiler/bin/../lib/gcc/arm-none-eabi/5.4.1/../../../../arm-none-eabi/lib/armv7e-m/fpu\libc.a(lib_a-mallocr.o)
 .ARM.attributes
                0x0000063e       0x20 c:/program files/eclipse/plugins/fr.ac6.mcu.externaltools.arm-none.win32_1.12.0.201611241417/tools/compiler/bin/../lib/gcc/arm-none-eabi/5.4.1/../../../../arm-none-eabi/lib/armv7e-m/fpu\libc.a(lib_a-memchr.o)
 .ARM.attributes
                0x0000065e       0x20 c:/program files/eclipse/plugins/fr.ac6.mcu.externaltools.arm-none.win32_1.12.0.201611241417/tools/compiler/bin/../lib/gcc/arm-none-eabi/5.4.1/../../../../arm-none-eabi/lib/armv7e-m/fpu\libc.a(lib_a-memcpy.o)
 .ARM.attributes
                0x0000067e       0x34 c:/program files/eclipse/plugins/fr.ac6.mcu.externaltools.arm-none.win32_1.12.0.201611241417/tools/compiler/bin/../lib/gcc/arm-none-eabi/5.4.1/../../../../arm-none-eabi/lib/armv7e-m/fpu\libc.a(lib_a-mlock.o)
 .ARM.attributes
                0x000006b2       0x34 c:/program files/eclipse/plugins/fr.ac6.mcu.externaltools.arm-none.win32_1.12.0.201611241417/tools/compiler/bin/../lib/gcc/arm-none-eabi/5.4.1/../../../../arm-none-eabi/lib/armv7e-m/fpu\libc.a(lib_a-mprec.o)
 .ARM.attributes
                0x000006e6       0x34 c:/program files/eclipse/plugins/fr.ac6.mcu.externaltools.arm-none.win32_1.12.0.201611241417/tools/compiler/bin/../lib/gcc/arm-none-eabi/5.4.1/../../../../arm-none-eabi/lib/armv7e-m/fpu\libc.a(lib_a-sbrkr.o)
 .ARM.attributes
                0x0000071a       0x20 c:/program files/eclipse/plugins/fr.ac6.mcu.externaltools.arm-none.win32_1.12.0.201611241417/tools/compiler/bin/../lib/gcc/arm-none-eabi/5.4.1/../../../../arm-none-eabi/lib/armv7e-m/fpu\libc.a(lib_a-strlen.o)
 .ARM.attributes
                0x0000073a       0x34 c:/program files/eclipse/plugins/fr.ac6.mcu.externaltools.arm-none.win32_1.12.0.201611241417/tools/compiler/bin/../lib/gcc/arm-none-eabi/5.4.1/../../../../arm-none-eabi/lib/armv7e-m/fpu\libc.a(lib_a-svfiprintf.o)
 .ARM.attributes
                0x0000076e       0x34 c:/program files/eclipse/plugins/fr.ac6.mcu.externaltools.arm-none.win32_1.12.0.201611241417/tools/compiler/bin/../lib/gcc/arm-none-eabi/5.4.1/../../../../arm-none-eabi/lib/armv7e-m/fpu\libc.a(lib_a-__atexit.o)
 .ARM.attributes
                0x000007a2       0x34 c:/program files/eclipse/plugins/fr.ac6.mcu.externaltools.arm-none.win32_1.12.0.201611241417/tools/compiler/bin/../lib/gcc/arm-none-eabi/5.4.1/../../../../arm-none-eabi/lib/armv7e-m/fpu\libc.a(lib_a-callocr.o)
 .ARM.attributes
                0x000007d6       0x34 c:/program files/eclipse/plugins/fr.ac6.mcu.externaltools.arm-none.win32_1.12.0.201611241417/tools/compiler/bin/../lib/gcc/arm-none-eabi/5.4.1/../../../../arm-none-eabi/lib/armv7e-m/fpu\libc.a(lib_a-freer.o)
 .ARM.attributes
                0x0000080a       0x34 c:/program files/eclipse/plugins/fr.ac6.mcu.externaltools.arm-none.win32_1.12.0.201611241417/tools/compiler/bin/../lib/gcc/arm-none-eabi/5.4.1/../../../../arm-none-eabi/lib/armv7e-m/fpu\libc.a(lib_a-memmove.o)
 .ARM.attributes
                0x0000083e       0x34 c:/program files/eclipse/plugins/fr.ac6.mcu.externaltools.arm-none.win32_1.12.0.201611241417/tools/compiler/bin/../lib/gcc/arm-none-eabi/5.4.1/../../../../arm-none-eabi/lib/armv7e-m/fpu\libc.a(lib_a-reallocr.o)
 .ARM.attributes
                0x00000872       0x34 c:/program files/eclipse/plugins/fr.ac6.mcu.externaltools.arm-none.win32_1.12.0.201611241417/tools/compiler/bin/../lib/gcc/arm-none-eabi/5.4.1/../../../../arm-none-eabi/lib/armv7e-m/fpu\libc.a(lib_a-reent.o)
 .ARM.attributes
                0x000008a6       0x22 c:/program files/eclipse/plugins/fr.ac6.mcu.externaltools.arm-none.win32_1.12.0.201611241417/tools/compiler/bin/../lib/gcc/arm-none-eabi/5.4.1/armv7e-m/fpu\libgcc.a(_arm_addsubdf3.o)
 .ARM.attributes
                0x000008c8       0x22 c:/program files/eclipse/plugins/fr.ac6.mcu.externaltools.arm-none.win32_1.12.0.201611241417/tools/compiler/bin/../lib/gcc/arm-none-eabi/5.4.1/armv7e-m/fpu\libgcc.a(_arm_muldivdf3.o)
 .ARM.attributes
                0x000008ea       0x22 c:/program files/eclipse/plugins/fr.ac6.mcu.externaltools.arm-none.win32_1.12.0.201611241417/tools/compiler/bin/../lib/gcc/arm-none-eabi/5.4.1/armv7e-m/fpu\libgcc.a(_arm_cmpdf2.o)
 .ARM.attributes
                0x0000090c       0x22 c:/program files/eclipse/plugins/fr.ac6.mcu.externaltools.arm-none.win32_1.12.0.201611241417/tools/compiler/bin/../lib/gcc/arm-none-eabi/5.4.1/armv7e-m/fpu\libgcc.a(_arm_unorddf2.o)
 .ARM.attributes
                0x0000092e       0x22 c:/program files/eclipse/plugins/fr.ac6.mcu.externaltools.arm-none.win32_1.12.0.201611241417/tools/compiler/bin/../lib/gcc/arm-none-eabi/5.4.1/armv7e-m/fpu\libgcc.a(_arm_fixdfsi.o)
 .ARM.attributes
                0x00000950       0x22 c:/program files/eclipse/plugins/fr.ac6.mcu.externaltools.arm-none.win32_1.12.0.201611241417/tools/compiler/bin/../lib/gcc/arm-none-eabi/5.4.1/armv7e-m/fpu\libgcc.a(_aeabi_uldivmod.o)
 .ARM.attributes
                0x00000972       0x34 c:/program files/eclipse/plugins/fr.ac6.mcu.externaltools.arm-none.win32_1.12.0.201611241417/tools/compiler/bin/../lib/gcc/arm-none-eabi/5.4.1/armv7e-m/fpu\libgcc.a(_udivmoddi4.o)
 .ARM.attributes
                0x000009a6       0x22 c:/program files/eclipse/plugins/fr.ac6.mcu.externaltools.arm-none.win32_1.12.0.201611241417/tools/compiler/bin/../lib/gcc/arm-none-eabi/5.4.1/armv7e-m/fpu\libgcc.a(_dvmd_tls.o)
 .ARM.attributes
                0x000009c8       0x22 c:/program files/eclipse/plugins/fr.ac6.mcu.externaltools.arm-none.win32_1.12.0.201611241417/tools/compiler/bin/../lib/gcc/arm-none-eabi/5.4.1/armv7e-m/fpu/crtn.o
OUTPUT(STM32L476G-Disco.elf elf32-littlearm)

.debug_info     0x00000000     0x9b7b
 .debug_info    0x00000000       0xe6 src/joystick.o
 .debug_info    0x000000e6      0x724 src/main.o
 .debug_info    0x0000080a      0x128 src/stm32l4xx_it.o
 .debug_info    0x00000932      0x6ca src/syscalls.o
 .debug_info    0x00000ffc      0x5ac src/system_stm32l4xx.o
 .debug_info    0x000015a8      0x146 src/temp_function.o
 .debug_info    0x000016ee       0x7e startup/startup_stm32l476xx.o
 .debug_info    0x0000176c      0x98f D:\work\projects\eclipse_projects\stm32l476g-disco_hal_lib\Debug\libstm32l476g-disco_hal_lib.a(stm32l4xx_hal.o)
 .debug_info    0x000020fb      0xd28 D:\work\projects\eclipse_projects\stm32l476g-disco_hal_lib\Debug\libstm32l476g-disco_hal_lib.a(stm32l4xx_hal_cortex.o)
 .debug_info    0x00002e23      0x7e1 D:\work\projects\eclipse_projects\stm32l476g-disco_hal_lib\Debug\libstm32l476g-disco_hal_lib.a(stm32l4xx_hal_gpio.o)
 .debug_info    0x00003604      0xf22 D:\work\projects\eclipse_projects\stm32l476g-disco_hal_lib\Debug\libstm32l476g-disco_hal_lib.a(stm32l4xx_hal_rcc.o)
 .debug_info    0x00004526     0x230d D:\work\projects\eclipse_projects\stm32l476g-disco_hal_lib\Debug\libstm32l476g-disco_hal_lib.a(stm32l476g_discovery.o)
 .debug_info    0x00006833      0xf7d D:\work\projects\eclipse_projects\stm32l476g-disco_hal_lib\Debug\libstm32l476g-disco_hal_lib.a(stm32l476g_discovery_glass_lcd.o)
 .debug_info    0x000077b0      0x514 D:\work\projects\eclipse_projects\stm32l476g-disco_hal_lib\Debug\libstm32l476g-disco_hal_lib.a(stm32l4xx_hal_lcd.o)
 .debug_info    0x00007cc4      0x9fa D:\work\projects\eclipse_projects\stm32l476g-disco_hal_lib\Debug\libstm32l476g-disco_hal_lib.a(stm32l4xx_hal_pwr_ex.o)
 .debug_info    0x000086be     0x14bd D:\work\projects\eclipse_projects\stm32l476g-disco_hal_lib\Debug\libstm32l476g-disco_hal_lib.a(stm32l4xx_hal_rcc_ex.o)

.debug_abbrev   0x00000000     0x18fd
 .debug_abbrev  0x00000000       0x7b src/joystick.o
 .debug_abbrev  0x0000007b      0x16b src/main.o
 .debug_abbrev  0x000001e6       0x6a src/stm32l4xx_it.o
 .debug_abbrev  0x00000250      0x177 src/syscalls.o
 .debug_abbrev  0x000003c7      0x125 src/system_stm32l4xx.o
 .debug_abbrev  0x000004ec       0x9c src/temp_function.o
 .debug_abbrev  0x00000588       0x12 startup/startup_stm32l476xx.o
 .debug_abbrev  0x0000059a      0x1c1 D:\work\projects\eclipse_projects\stm32l476g-disco_hal_lib\Debug\libstm32l476g-disco_hal_lib.a(stm32l4xx_hal.o)
 .debug_abbrev  0x0000075b      0x2b0 D:\work\projects\eclipse_projects\stm32l476g-disco_hal_lib\Debug\libstm32l476g-disco_hal_lib.a(stm32l4xx_hal_cortex.o)
 .debug_abbrev  0x00000a0b      0x1af D:\work\projects\eclipse_projects\stm32l476g-disco_hal_lib\Debug\libstm32l476g-disco_hal_lib.a(stm32l4xx_hal_gpio.o)
 .debug_abbrev  0x00000bba      0x28c D:\work\projects\eclipse_projects\stm32l476g-disco_hal_lib\Debug\libstm32l476g-disco_hal_lib.a(stm32l4xx_hal_rcc.o)
 .debug_abbrev  0x00000e46      0x2b1 D:\work\projects\eclipse_projects\stm32l476g-disco_hal_lib\Debug\libstm32l476g-disco_hal_lib.a(stm32l476g_discovery.o)
 .debug_abbrev  0x000010f7      0x1f3 D:\work\projects\eclipse_projects\stm32l476g-disco_hal_lib\Debug\libstm32l476g-disco_hal_lib.a(stm32l476g_discovery_glass_lcd.o)
 .debug_abbrev  0x000012ea      0x18c D:\work\projects\eclipse_projects\stm32l476g-disco_hal_lib\Debug\libstm32l476g-disco_hal_lib.a(stm32l4xx_hal_lcd.o)
 .debug_abbrev  0x00001476      0x222 D:\work\projects\eclipse_projects\stm32l476g-disco_hal_lib\Debug\libstm32l476g-disco_hal_lib.a(stm32l4xx_hal_pwr_ex.o)
 .debug_abbrev  0x00001698      0x265 D:\work\projects\eclipse_projects\stm32l476g-disco_hal_lib\Debug\libstm32l476g-disco_hal_lib.a(stm32l4xx_hal_rcc_ex.o)

.debug_aranges  0x00000000      0x9b0
 .debug_aranges
                0x00000000       0x20 src/joystick.o
 .debug_aranges
                0x00000020       0x38 src/main.o
 .debug_aranges
                0x00000058       0x48 src/stm32l4xx_it.o
 .debug_aranges
                0x000000a0       0xb0 src/syscalls.o
 .debug_aranges
                0x00000150       0x28 src/system_stm32l4xx.o
 .debug_aranges
                0x00000178       0x28 src/temp_function.o
 .debug_aranges
                0x000001a0       0x28 startup/startup_stm32l476xx.o
 .debug_aranges
                0x000001c8      0x100 D:\work\projects\eclipse_projects\stm32l476g-disco_hal_lib\Debug\libstm32l476g-disco_hal_lib.a(stm32l4xx_hal.o)
 .debug_aranges
                0x000002c8      0x108 D:\work\projects\eclipse_projects\stm32l476g-disco_hal_lib\Debug\libstm32l476g-disco_hal_lib.a(stm32l4xx_hal_cortex.o)
 .debug_aranges
                0x000003d0       0x58 D:\work\projects\eclipse_projects\stm32l476g-disco_hal_lib\Debug\libstm32l476g-disco_hal_lib.a(stm32l4xx_hal_gpio.o)
 .debug_aranges
                0x00000428       0x88 D:\work\projects\eclipse_projects\stm32l476g-disco_hal_lib\Debug\libstm32l476g-disco_hal_lib.a(stm32l4xx_hal_rcc.o)
 .debug_aranges
                0x000004b0      0x200 D:\work\projects\eclipse_projects\stm32l476g-disco_hal_lib\Debug\libstm32l476g-disco_hal_lib.a(stm32l476g_discovery.o)
 .debug_aranges
                0x000006b0       0x98 D:\work\projects\eclipse_projects\stm32l476g-disco_hal_lib\Debug\libstm32l476g-disco_hal_lib.a(stm32l476g_discovery_glass_lcd.o)
 .debug_aranges
                0x00000748       0x68 D:\work\projects\eclipse_projects\stm32l476g-disco_hal_lib\Debug\libstm32l476g-disco_hal_lib.a(stm32l4xx_hal_lcd.o)
 .debug_aranges
                0x000007b0      0x148 D:\work\projects\eclipse_projects\stm32l476g-disco_hal_lib\Debug\libstm32l476g-disco_hal_lib.a(stm32l4xx_hal_pwr_ex.o)
 .debug_aranges
                0x000008f8       0xb8 D:\work\projects\eclipse_projects\stm32l476g-disco_hal_lib\Debug\libstm32l476g-disco_hal_lib.a(stm32l4xx_hal_rcc_ex.o)

.debug_ranges   0x00000000      0x8b8
 .debug_ranges  0x00000000       0x10 src/joystick.o
 .debug_ranges  0x00000010       0x28 src/main.o
 .debug_ranges  0x00000038       0x38 src/stm32l4xx_it.o
 .debug_ranges  0x00000070       0xa0 src/syscalls.o
 .debug_ranges  0x00000110       0x18 src/system_stm32l4xx.o
 .debug_ranges  0x00000128       0x18 src/temp_function.o
 .debug_ranges  0x00000140       0x20 startup/startup_stm32l476xx.o
 .debug_ranges  0x00000160       0xf0 D:\work\projects\eclipse_projects\stm32l476g-disco_hal_lib\Debug\libstm32l476g-disco_hal_lib.a(stm32l4xx_hal.o)
 .debug_ranges  0x00000250       0xf8 D:\work\projects\eclipse_projects\stm32l476g-disco_hal_lib\Debug\libstm32l476g-disco_hal_lib.a(stm32l4xx_hal_cortex.o)
 .debug_ranges  0x00000348       0x48 D:\work\projects\eclipse_projects\stm32l476g-disco_hal_lib\Debug\libstm32l476g-disco_hal_lib.a(stm32l4xx_hal_gpio.o)
 .debug_ranges  0x00000390       0x78 D:\work\projects\eclipse_projects\stm32l476g-disco_hal_lib\Debug\libstm32l476g-disco_hal_lib.a(stm32l4xx_hal_rcc.o)
 .debug_ranges  0x00000408      0x1f0 D:\work\projects\eclipse_projects\stm32l476g-disco_hal_lib\Debug\libstm32l476g-disco_hal_lib.a(stm32l476g_discovery.o)
 .debug_ranges  0x000005f8       0x88 D:\work\projects\eclipse_projects\stm32l476g-disco_hal_lib\Debug\libstm32l476g-disco_hal_lib.a(stm32l476g_discovery_glass_lcd.o)
 .debug_ranges  0x00000680       0x58 D:\work\projects\eclipse_projects\stm32l476g-disco_hal_lib\Debug\libstm32l476g-disco_hal_lib.a(stm32l4xx_hal_lcd.o)
 .debug_ranges  0x000006d8      0x138 D:\work\projects\eclipse_projects\stm32l476g-disco_hal_lib\Debug\libstm32l476g-disco_hal_lib.a(stm32l4xx_hal_pwr_ex.o)
 .debug_ranges  0x00000810       0xa8 D:\work\projects\eclipse_projects\stm32l476g-disco_hal_lib\Debug\libstm32l476g-disco_hal_lib.a(stm32l4xx_hal_rcc_ex.o)

.debug_macro    0x00000000    0x2fc9e
 .debug_macro   0x00000000      0x4ea src/joystick.o
 .debug_macro   0x000004ea      0x8aa src/joystick.o
 .debug_macro   0x00000d94       0x10 src/joystick.o
 .debug_macro   0x00000da4      0x166 src/joystick.o
 .debug_macro   0x00000f0a       0x28 src/joystick.o
 .debug_macro   0x00000f32       0x28 src/joystick.o
 .debug_macro   0x00000f5a       0x22 src/joystick.o
 .debug_macro   0x00000f7c       0x87 src/joystick.o
 .debug_macro   0x00001003       0x44 src/joystick.o
 .debug_macro   0x00001047       0xfd src/joystick.o
 .debug_macro   0x00001144       0x5e src/joystick.o
 .debug_macro   0x000011a2      0x1df src/joystick.o
 .debug_macro   0x00001381       0x35 src/joystick.o
 .debug_macro   0x000013b6       0x50 src/joystick.o
 .debug_macro   0x00001406      0xe66 src/joystick.o
 .debug_macro   0x0000226c    0x1a13b src/joystick.o
 .debug_macro   0x0001c3a7       0x43 src/joystick.o
 .debug_macro   0x0001c3ea     0x359e src/joystick.o
 .debug_macro   0x0001f988       0x52 src/joystick.o
 .debug_macro   0x0001f9da       0x35 src/joystick.o
 .debug_macro   0x0001fa0f       0x9c src/joystick.o
 .debug_macro   0x0001faab       0x16 src/joystick.o
 .debug_macro   0x0001fac1       0x97 src/joystick.o
 .debug_macro   0x0001fb58      0x30d src/joystick.o
 .debug_macro   0x0001fe65       0xfd src/joystick.o
 .debug_macro   0x0001ff62       0x10 src/joystick.o
 .debug_macro   0x0001ff72       0x52 src/joystick.o
 .debug_macro   0x0001ffc4       0x1f src/joystick.o
 .debug_macro   0x0001ffe3       0x43 src/joystick.o
 .debug_macro   0x00020026       0x20 src/joystick.o
 .debug_macro   0x00020046      0x187 src/joystick.o
 .debug_macro   0x000201cd       0x10 src/joystick.o
 .debug_macro   0x000201dd       0x1c src/joystick.o
 .debug_macro   0x000201f9       0x52 src/joystick.o
 .debug_macro   0x0002024b       0x40 src/joystick.o
 .debug_macro   0x0002028b       0x10 src/joystick.o
 .debug_macro   0x0002029b       0x40 src/joystick.o
 .debug_macro   0x000202db       0xd7 src/joystick.o
 .debug_macro   0x000203b2       0x16 src/joystick.o
 .debug_macro   0x000203c8      0x189 src/joystick.o
 .debug_macro   0x00020551       0x57 src/joystick.o
 .debug_macro   0x000205a8     0x1566 src/joystick.o
 .debug_macro   0x00021b0e      0x59e src/joystick.o
 .debug_macro   0x000220ac      0x148 src/joystick.o
 .debug_macro   0x000221f4      0x18b src/joystick.o
 .debug_macro   0x0002237f      0x25d src/joystick.o
 .debug_macro   0x000225dc      0x29c src/joystick.o
 .debug_macro   0x00022878      0x23a src/joystick.o
 .debug_macro   0x00022ab2      0x401 src/joystick.o
 .debug_macro   0x00022eb3      0x5c1 src/joystick.o
 .debug_macro   0x00023474      0x360 src/joystick.o
 .debug_macro   0x000237d4      0x263 src/joystick.o
 .debug_macro   0x00023a37       0xd5 src/joystick.o
 .debug_macro   0x00023b0c       0x4d src/joystick.o
 .debug_macro   0x00023b59      0x153 src/joystick.o
 .debug_macro   0x00023cac       0xd9 src/joystick.o
 .debug_macro   0x00023d85       0xad src/joystick.o
 .debug_macro   0x00023e32      0x367 src/joystick.o
 .debug_macro   0x00024199       0x10 src/joystick.o
 .debug_macro   0x000241a9       0xe4 src/joystick.o
 .debug_macro   0x0002428d      0x305 src/joystick.o
 .debug_macro   0x00024592       0x71 src/joystick.o
 .debug_macro   0x00024603       0xb3 src/joystick.o
 .debug_macro   0x000246b6      0x202 src/joystick.o
 .debug_macro   0x000248b8       0x61 src/joystick.o
 .debug_macro   0x00024919       0x90 src/joystick.o
 .debug_macro   0x000249a9       0x87 src/joystick.o
 .debug_macro   0x00024a30      0x3e5 src/joystick.o
 .debug_macro   0x00024e15      0x272 src/joystick.o
 .debug_macro   0x00025087       0xff src/joystick.o
 .debug_macro   0x00025186      0x126 src/joystick.o
 .debug_macro   0x000252ac      0x3dc src/joystick.o
 .debug_macro   0x00025688      0x2a3 src/joystick.o
 .debug_macro   0x0002592b       0x6d src/joystick.o
 .debug_macro   0x00025998      0x321 src/joystick.o
 .debug_macro   0x00025cb9      0x4ce src/joystick.o
 .debug_macro   0x00026187       0xdd src/joystick.o
 .debug_macro   0x00026264      0x447 src/joystick.o
 .debug_macro   0x000266ab      0x398 src/joystick.o
 .debug_macro   0x00026a43      0x22b src/joystick.o
 .debug_macro   0x00026c6e      0x34f src/joystick.o
 .debug_macro   0x00026fbd      0x2e2 src/joystick.o
 .debug_macro   0x0002729f      0x14c src/joystick.o
 .debug_macro   0x000273eb      0x9c6 src/joystick.o
 .debug_macro   0x00027db1      0x1df src/joystick.o
 .debug_macro   0x00027f90      0x46a src/joystick.o
 .debug_macro   0x000283fa      0x535 src/joystick.o
 .debug_macro   0x0002892f       0x44 src/joystick.o
 .debug_macro   0x00028973      0x241 src/joystick.o
 .debug_macro   0x00028bb4       0x31 src/joystick.o
 .debug_macro   0x00028be5      0x256 src/joystick.o
 .debug_macro   0x00028e3b       0x10 src/joystick.o
 .debug_macro   0x00028e4b      0x248 src/joystick.o
 .debug_macro   0x00029093      0x12f src/joystick.o
 .debug_macro   0x000291c2       0x89 src/joystick.o
 .debug_macro   0x0002924b      0x1d1 src/joystick.o
 .debug_macro   0x0002941c       0xa5 src/joystick.o
 .debug_macro   0x000294c1       0x68 src/joystick.o
 .debug_macro   0x00029529      0x31d src/joystick.o
 .debug_macro   0x00029846      0x456 src/joystick.o
 .debug_macro   0x00029c9c      0x7c1 src/joystick.o
 .debug_macro   0x0002a45d      0x4e5 src/main.o
 .debug_macro   0x0002a942      0x462 src/main.o
 .debug_macro   0x0002ada4      0x4d8 src/stm32l4xx_it.o
 .debug_macro   0x0002b27c      0x222 src/syscalls.o
 .debug_macro   0x0002b49e       0x4c src/syscalls.o
 .debug_macro   0x0002b4ea       0x8d src/syscalls.o
 .debug_macro   0x0002b577       0x4a src/syscalls.o
 .debug_macro   0x0002b5c1      0x174 src/syscalls.o
 .debug_macro   0x0002b735       0x10 src/syscalls.o
 .debug_macro   0x0002b745       0x35 src/syscalls.o
 .debug_macro   0x0002b77a       0x10 src/syscalls.o
 .debug_macro   0x0002b78a       0x10 src/syscalls.o
 .debug_macro   0x0002b79a       0x35 src/syscalls.o
 .debug_macro   0x0002b7cf      0x122 src/syscalls.o
 .debug_macro   0x0002b8f1       0x16 src/syscalls.o
 .debug_macro   0x0002b907       0x16 src/syscalls.o
 .debug_macro   0x0002b91d       0x29 src/syscalls.o
 .debug_macro   0x0002b946       0x10 src/syscalls.o
 .debug_macro   0x0002b956      0x241 src/syscalls.o
 .debug_macro   0x0002bb97       0x1c src/syscalls.o
 .debug_macro   0x0002bbb3      0x159 src/syscalls.o
 .debug_macro   0x0002bd0c       0x16 src/syscalls.o
 .debug_macro   0x0002bd22       0x88 src/syscalls.o
 .debug_macro   0x0002bdaa      0x4cc src/system_stm32l4xx.o
 .debug_macro   0x0002c276      0x4e5 src/temp_function.o
 .debug_macro   0x0002c75b      0x513 D:\work\projects\eclipse_projects\stm32l476g-disco_hal_lib\Debug\libstm32l476g-disco_hal_lib.a(stm32l4xx_hal.o)
 .debug_macro   0x0002cc6e      0x8a4 D:\work\projects\eclipse_projects\stm32l476g-disco_hal_lib\Debug\libstm32l476g-disco_hal_lib.a(stm32l4xx_hal.o)
 .debug_macro   0x0002d512      0x4c5 D:\work\projects\eclipse_projects\stm32l476g-disco_hal_lib\Debug\libstm32l476g-disco_hal_lib.a(stm32l4xx_hal_cortex.o)
 .debug_macro   0x0002d9d7      0x504 D:\work\projects\eclipse_projects\stm32l476g-disco_hal_lib\Debug\libstm32l476g-disco_hal_lib.a(stm32l4xx_hal_gpio.o)
 .debug_macro   0x0002dedb      0x507 D:\work\projects\eclipse_projects\stm32l476g-disco_hal_lib\Debug\libstm32l476g-disco_hal_lib.a(stm32l4xx_hal_rcc.o)
 .debug_macro   0x0002e3e2      0x50d D:\work\projects\eclipse_projects\stm32l476g-disco_hal_lib\Debug\libstm32l476g-disco_hal_lib.a(stm32l476g_discovery.o)
 .debug_macro   0x0002e8ef      0x500 D:\work\projects\eclipse_projects\stm32l476g-disco_hal_lib\Debug\libstm32l476g-disco_hal_lib.a(stm32l476g_discovery_glass_lcd.o)
 .debug_macro   0x0002edef      0x4cb D:\work\projects\eclipse_projects\stm32l476g-disco_hal_lib\Debug\libstm32l476g-disco_hal_lib.a(stm32l4xx_hal_lcd.o)
 .debug_macro   0x0002f2ba      0x4e9 D:\work\projects\eclipse_projects\stm32l476g-disco_hal_lib\Debug\libstm32l476g-disco_hal_lib.a(stm32l4xx_hal_pwr_ex.o)
 .debug_macro   0x0002f7a3      0x4fb D:\work\projects\eclipse_projects\stm32l476g-disco_hal_lib\Debug\libstm32l476g-disco_hal_lib.a(stm32l4xx_hal_rcc_ex.o)

.debug_line     0x00000000     0xd0a8
 .debug_line    0x00000000      0xc9b src/joystick.o
 .debug_line    0x00000c9b      0xce1 src/main.o
 .debug_line    0x0000197c      0xccb src/stm32l4xx_it.o
 .debug_line    0x00002647      0x5bc src/syscalls.o
 .debug_line    0x00002c03      0xbf2 src/system_stm32l4xx.o
 .debug_line    0x000037f5      0xcaf src/temp_function.o
 .debug_line    0x000044a4       0x7f startup/startup_stm32l476xx.o
 .debug_line    0x00004523      0xddd D:\work\projects\eclipse_projects\stm32l476g-disco_hal_lib\Debug\libstm32l476g-disco_hal_lib.a(stm32l4xx_hal.o)
 .debug_line    0x00005300      0xe90 D:\work\projects\eclipse_projects\stm32l476g-disco_hal_lib\Debug\libstm32l476g-disco_hal_lib.a(stm32l4xx_hal_cortex.o)
 .debug_line    0x00006190      0xd77 D:\work\projects\eclipse_projects\stm32l476g-disco_hal_lib\Debug\libstm32l476g-disco_hal_lib.a(stm32l4xx_hal_gpio.o)
 .debug_line    0x00006f07      0xfa9 D:\work\projects\eclipse_projects\stm32l476g-disco_hal_lib\Debug\libstm32l476g-disco_hal_lib.a(stm32l4xx_hal_rcc.o)
 .debug_line    0x00007eb0     0x1278 D:\work\projects\eclipse_projects\stm32l476g-disco_hal_lib\Debug\libstm32l476g-disco_hal_lib.a(stm32l476g_discovery.o)
 .debug_line    0x00009128      0xec5 D:\work\projects\eclipse_projects\stm32l476g-disco_hal_lib\Debug\libstm32l476g-disco_hal_lib.a(stm32l476g_discovery_glass_lcd.o)
 .debug_line    0x00009fed      0xd36 D:\work\projects\eclipse_projects\stm32l476g-disco_hal_lib\Debug\libstm32l476g-disco_hal_lib.a(stm32l4xx_hal_lcd.o)
 .debug_line    0x0000ad23      0xf7a D:\work\projects\eclipse_projects\stm32l476g-disco_hal_lib\Debug\libstm32l476g-disco_hal_lib.a(stm32l4xx_hal_pwr_ex.o)
 .debug_line    0x0000bc9d     0x140b D:\work\projects\eclipse_projects\stm32l476g-disco_hal_lib\Debug\libstm32l476g-disco_hal_lib.a(stm32l4xx_hal_rcc_ex.o)

.debug_str      0x00000000   0x126234
 .debug_str     0x00000000   0x121762 src/joystick.o
                             0x121a1c (size before relaxing)
 .debug_str     0x00121762      0x594 src/main.o
                             0x12209d (size before relaxing)
 .debug_str     0x00121cf6       0x8f src/stm32l4xx_it.o
                             0x11f120 (size before relaxing)
 .debug_str     0x00121d85     0x117c src/syscalls.o
                               0x7722 (size before relaxing)
 .debug_str     0x00122f01      0x1c0 src/system_stm32l4xx.o
                             0x11d405 (size before relaxing)
 .debug_str     0x001230c1       0x4a src/temp_function.o
                             0x121a34 (size before relaxing)
 .debug_str     0x0012310b      0x5cf D:\work\projects\eclipse_projects\stm32l476g-disco_hal_lib\Debug\libstm32l476g-disco_hal_lib.a(stm32l4xx_hal.o)
                             0x11de81 (size before relaxing)
 .debug_str     0x001236da      0x2fd D:\work\projects\eclipse_projects\stm32l476g-disco_hal_lib\Debug\libstm32l476g-disco_hal_lib.a(stm32l4xx_hal_cortex.o)
                             0x11dbca (size before relaxing)
 .debug_str     0x001239d7      0x2d4 D:\work\projects\eclipse_projects\stm32l476g-disco_hal_lib\Debug\libstm32l476g-disco_hal_lib.a(stm32l4xx_hal_gpio.o)
                             0x11d682 (size before relaxing)
 .debug_str     0x00123cab      0x59c D:\work\projects\eclipse_projects\stm32l476g-disco_hal_lib\Debug\libstm32l476g-disco_hal_lib.a(stm32l4xx_hal_rcc.o)
                             0x11d9f8 (size before relaxing)
 .debug_str     0x00124247     0x1230 D:\work\projects\eclipse_projects\stm32l476g-disco_hal_lib\Debug\libstm32l476g-disco_hal_lib.a(stm32l476g_discovery.o)
                             0x120b22 (size before relaxing)
 .debug_str     0x00125477      0x507 D:\work\projects\eclipse_projects\stm32l476g-disco_hal_lib\Debug\libstm32l476g-disco_hal_lib.a(stm32l476g_discovery_glass_lcd.o)
                             0x122558 (size before relaxing)
 .debug_str     0x0012597e      0x112 D:\work\projects\eclipse_projects\stm32l476g-disco_hal_lib\Debug\libstm32l476g-disco_hal_lib.a(stm32l4xx_hal_lcd.o)
                             0x11d47c (size before relaxing)
 .debug_str     0x00125a90      0x414 D:\work\projects\eclipse_projects\stm32l476g-disco_hal_lib\Debug\libstm32l476g-disco_hal_lib.a(stm32l4xx_hal_pwr_ex.o)
                             0x11d8cb (size before relaxing)
 .debug_str     0x00125ea4      0x390 D:\work\projects\eclipse_projects\stm32l476g-disco_hal_lib\Debug\libstm32l476g-disco_hal_lib.a(stm32l4xx_hal_rcc_ex.o)
                             0x11daff (size before relaxing)

.comment        0x00000000       0x6e
 .comment       0x00000000       0x6e src/joystick.o
                                 0x6f (size before relaxing)
 .comment       0x0000006e       0x6f src/main.o
 .comment       0x0000006e       0x6f src/stm32l4xx_it.o
 .comment       0x0000006e       0x6f src/syscalls.o
 .comment       0x0000006e       0x6f src/system_stm32l4xx.o
 .comment       0x0000006e       0x6f src/temp_function.o
 .comment       0x0000006e       0x6f D:\work\projects\eclipse_projects\stm32l476g-disco_hal_lib\Debug\libstm32l476g-disco_hal_lib.a(stm32l4xx_hal.o)
 .comment       0x0000006e       0x6f D:\work\projects\eclipse_projects\stm32l476g-disco_hal_lib\Debug\libstm32l476g-disco_hal_lib.a(stm32l4xx_hal_cortex.o)
 .comment       0x0000006e       0x6f D:\work\projects\eclipse_projects\stm32l476g-disco_hal_lib\Debug\libstm32l476g-disco_hal_lib.a(stm32l4xx_hal_gpio.o)
 .comment       0x0000006e       0x6f D:\work\projects\eclipse_projects\stm32l476g-disco_hal_lib\Debug\libstm32l476g-disco_hal_lib.a(stm32l4xx_hal_rcc.o)
 .comment       0x0000006e       0x6f D:\work\projects\eclipse_projects\stm32l476g-disco_hal_lib\Debug\libstm32l476g-disco_hal_lib.a(stm32l476g_discovery.o)
 .comment       0x0000006e       0x6f D:\work\projects\eclipse_projects\stm32l476g-disco_hal_lib\Debug\libstm32l476g-disco_hal_lib.a(stm32l476g_discovery_glass_lcd.o)
 .comment       0x0000006e       0x6f D:\work\projects\eclipse_projects\stm32l476g-disco_hal_lib\Debug\libstm32l476g-disco_hal_lib.a(stm32l4xx_hal_lcd.o)
 .comment       0x0000006e       0x6f D:\work\projects\eclipse_projects\stm32l476g-disco_hal_lib\Debug\libstm32l476g-disco_hal_lib.a(stm32l4xx_hal_pwr_ex.o)
 .comment       0x0000006e       0x6f D:\work\projects\eclipse_projects\stm32l476g-disco_hal_lib\Debug\libstm32l476g-disco_hal_lib.a(stm32l4xx_hal_rcc_ex.o)

.debug_frame    0x00000000     0x2d58
 .debug_frame   0x00000000       0x34 src/joystick.o
 .debug_frame   0x00000034       0x94 src/main.o
 .debug_frame   0x000000c8       0xb8 src/stm32l4xx_it.o
 .debug_frame   0x00000180      0x2d4 src/syscalls.o
 .debug_frame   0x00000454       0x58 src/system_stm32l4xx.o
 .debug_frame   0x000004ac       0x58 src/temp_function.o
 .debug_frame   0x00000504      0x3cc D:\work\projects\eclipse_projects\stm32l476g-disco_hal_lib\Debug\libstm32l476g-disco_hal_lib.a(stm32l4xx_hal.o)
 .debug_frame   0x000008d0      0x450 D:\work\projects\eclipse_projects\stm32l476g-disco_hal_lib\Debug\libstm32l476g-disco_hal_lib.a(stm32l4xx_hal_cortex.o)
 .debug_frame   0x00000d20      0x14c D:\work\projects\eclipse_projects\stm32l476g-disco_hal_lib\Debug\libstm32l476g-disco_hal_lib.a(stm32l4xx_hal_gpio.o)
 .debug_frame   0x00000e6c      0x204 D:\work\projects\eclipse_projects\stm32l476g-disco_hal_lib\Debug\libstm32l476g-disco_hal_lib.a(stm32l4xx_hal_rcc.o)
 .debug_frame   0x00001070      0x864 D:\work\projects\eclipse_projects\stm32l476g-disco_hal_lib\Debug\libstm32l476g-disco_hal_lib.a(stm32l476g_discovery.o)
 .debug_frame   0x000018d4      0x244 D:\work\projects\eclipse_projects\stm32l476g-disco_hal_lib\Debug\libstm32l476g-disco_hal_lib.a(stm32l476g_discovery_glass_lcd.o)
 .debug_frame   0x00001b18      0x188 D:\work\projects\eclipse_projects\stm32l476g-disco_hal_lib\Debug\libstm32l476g-disco_hal_lib.a(stm32l4xx_hal_lcd.o)
 .debug_frame   0x00001ca0      0x524 D:\work\projects\eclipse_projects\stm32l476g-disco_hal_lib\Debug\libstm32l476g-disco_hal_lib.a(stm32l4xx_hal_pwr_ex.o)
 .debug_frame   0x000021c4      0x2dc D:\work\projects\eclipse_projects\stm32l476g-disco_hal_lib\Debug\libstm32l476g-disco_hal_lib.a(stm32l4xx_hal_rcc_ex.o)
 .debug_frame   0x000024a0       0x20 c:/program files/eclipse/plugins/fr.ac6.mcu.externaltools.arm-none.win32_1.12.0.201611241417/tools/compiler/bin/../lib/gcc/arm-none-eabi/5.4.1/../../../../arm-none-eabi/lib/armv7e-m/fpu\libc.a(lib_a-errno.o)
 .debug_frame   0x000024c0       0x2c c:/program files/eclipse/plugins/fr.ac6.mcu.externaltools.arm-none.win32_1.12.0.201611241417/tools/compiler/bin/../lib/gcc/arm-none-eabi/5.4.1/../../../../arm-none-eabi/lib/armv7e-m/fpu\libc.a(lib_a-init.o)
 .debug_frame   0x000024ec       0x34 c:/program files/eclipse/plugins/fr.ac6.mcu.externaltools.arm-none.win32_1.12.0.201611241417/tools/compiler/bin/../lib/gcc/arm-none-eabi/5.4.1/../../../../arm-none-eabi/lib/armv7e-m/fpu\libc.a(lib_a-memset.o)
 .debug_frame   0x00002520       0x84 c:/program files/eclipse/plugins/fr.ac6.mcu.externaltools.arm-none.win32_1.12.0.201611241417/tools/compiler/bin/../lib/gcc/arm-none-eabi/5.4.1/../../../../arm-none-eabi/lib/armv7e-m/fpu\libc.a(lib_a-sprintf.o)
 .debug_frame   0x000025a4       0x44 c:/program files/eclipse/plugins/fr.ac6.mcu.externaltools.arm-none.win32_1.12.0.201611241417/tools/compiler/bin/../lib/gcc/arm-none-eabi/5.4.1/../../../../arm-none-eabi/lib/armv7e-m/fpu\libc.a(lib_a-svfprintf.o)
 .debug_frame   0x000025e8       0x50 c:/program files/eclipse/plugins/fr.ac6.mcu.externaltools.arm-none.win32_1.12.0.201611241417/tools/compiler/bin/../lib/gcc/arm-none-eabi/5.4.1/../../../../arm-none-eabi/lib/armv7e-m/fpu\libc.a(lib_a-__call_atexit.o)
 .debug_frame   0x00002638       0x20 c:/program files/eclipse/plugins/fr.ac6.mcu.externaltools.arm-none.win32_1.12.0.201611241417/tools/compiler/bin/../lib/gcc/arm-none-eabi/5.4.1/../../../../arm-none-eabi/lib/armv7e-m/fpu\libc.a(lib_a-atexit.o)
 .debug_frame   0x00002658       0x88 c:/program files/eclipse/plugins/fr.ac6.mcu.externaltools.arm-none.win32_1.12.0.201611241417/tools/compiler/bin/../lib/gcc/arm-none-eabi/5.4.1/../../../../arm-none-eabi/lib/armv7e-m/fpu\libc.a(lib_a-dtoa.o)
 .debug_frame   0x000026e0       0x34 c:/program files/eclipse/plugins/fr.ac6.mcu.externaltools.arm-none.win32_1.12.0.201611241417/tools/compiler/bin/../lib/gcc/arm-none-eabi/5.4.1/../../../../arm-none-eabi/lib/armv7e-m/fpu\libc.a(lib_a-fini.o)
 .debug_frame   0x00002714       0x9c c:/program files/eclipse/plugins/fr.ac6.mcu.externaltools.arm-none.win32_1.12.0.201611241417/tools/compiler/bin/../lib/gcc/arm-none-eabi/5.4.1/../../../../arm-none-eabi/lib/armv7e-m/fpu\libc.a(lib_a-locale.o)
 .debug_frame   0x000027b0       0x58 c:/program files/eclipse/plugins/fr.ac6.mcu.externaltools.arm-none.win32_1.12.0.201611241417/tools/compiler/bin/../lib/gcc/arm-none-eabi/5.4.1/../../../../arm-none-eabi/lib/armv7e-m/fpu\libc.a(lib_a-mallocr.o)
 .debug_frame   0x00002808       0x30 c:/program files/eclipse/plugins/fr.ac6.mcu.externaltools.arm-none.win32_1.12.0.201611241417/tools/compiler/bin/../lib/gcc/arm-none-eabi/5.4.1/../../../../arm-none-eabi/lib/armv7e-m/fpu\libc.a(lib_a-mlock.o)
 .debug_frame   0x00002838      0x264 c:/program files/eclipse/plugins/fr.ac6.mcu.externaltools.arm-none.win32_1.12.0.201611241417/tools/compiler/bin/../lib/gcc/arm-none-eabi/5.4.1/../../../../arm-none-eabi/lib/armv7e-m/fpu\libc.a(lib_a-mprec.o)
 .debug_frame   0x00002a9c       0x2c c:/program files/eclipse/plugins/fr.ac6.mcu.externaltools.arm-none.win32_1.12.0.201611241417/tools/compiler/bin/../lib/gcc/arm-none-eabi/5.4.1/../../../../arm-none-eabi/lib/armv7e-m/fpu\libc.a(lib_a-sbrkr.o)
 .debug_frame   0x00002ac8       0x78 c:/program files/eclipse/plugins/fr.ac6.mcu.externaltools.arm-none.win32_1.12.0.201611241417/tools/compiler/bin/../lib/gcc/arm-none-eabi/5.4.1/../../../../arm-none-eabi/lib/armv7e-m/fpu\libc.a(lib_a-svfiprintf.o)
 .debug_frame   0x00002b40       0x34 c:/program files/eclipse/plugins/fr.ac6.mcu.externaltools.arm-none.win32_1.12.0.201611241417/tools/compiler/bin/../lib/gcc/arm-none-eabi/5.4.1/../../../../arm-none-eabi/lib/armv7e-m/fpu\libc.a(lib_a-__atexit.o)
 .debug_frame   0x00002b74       0x28 c:/program files/eclipse/plugins/fr.ac6.mcu.externaltools.arm-none.win32_1.12.0.201611241417/tools/compiler/bin/../lib/gcc/arm-none-eabi/5.4.1/../../../../arm-none-eabi/lib/armv7e-m/fpu\libc.a(lib_a-callocr.o)
 .debug_frame   0x00002b9c       0x74 c:/program files/eclipse/plugins/fr.ac6.mcu.externaltools.arm-none.win32_1.12.0.201611241417/tools/compiler/bin/../lib/gcc/arm-none-eabi/5.4.1/../../../../arm-none-eabi/lib/armv7e-m/fpu\libc.a(lib_a-freer.o)
 .debug_frame   0x00002c10       0x30 c:/program files/eclipse/plugins/fr.ac6.mcu.externaltools.arm-none.win32_1.12.0.201611241417/tools/compiler/bin/../lib/gcc/arm-none-eabi/5.4.1/../../../../arm-none-eabi/lib/armv7e-m/fpu\libc.a(lib_a-memmove.o)
 .debug_frame   0x00002c40       0x60 c:/program files/eclipse/plugins/fr.ac6.mcu.externaltools.arm-none.win32_1.12.0.201611241417/tools/compiler/bin/../lib/gcc/arm-none-eabi/5.4.1/../../../../arm-none-eabi/lib/armv7e-m/fpu\libc.a(lib_a-reallocr.o)
 .debug_frame   0x00002ca0       0x58 c:/program files/eclipse/plugins/fr.ac6.mcu.externaltools.arm-none.win32_1.12.0.201611241417/tools/compiler/bin/../lib/gcc/arm-none-eabi/5.4.1/../../../../arm-none-eabi/lib/armv7e-m/fpu\libc.a(lib_a-reent.o)
 .debug_frame   0x00002cf8       0x2c c:/program files/eclipse/plugins/fr.ac6.mcu.externaltools.arm-none.win32_1.12.0.201611241417/tools/compiler/bin/../lib/gcc/arm-none-eabi/5.4.1/armv7e-m/fpu\libgcc.a(_aeabi_uldivmod.o)
 .debug_frame   0x00002d24       0x34 c:/program files/eclipse/plugins/fr.ac6.mcu.externaltools.arm-none.win32_1.12.0.201611241417/tools/compiler/bin/../lib/gcc/arm-none-eabi/5.4.1/armv7e-m/fpu\libgcc.a(_udivmoddi4.o)
